Archive member included to satisfy reference by file (symbol)

c:/progra~2/armgnu~1/1213fb~1.2mp/bin/../lib/gcc/arm-none-eabi/12.2.0/thumb/v6-m/nofp\libgcc.a(_dvmd_tls.o)
                              CMakeFiles/flashlight.dir/C_/Users/PP_ju/pico-sdk/src/rp2_common/pico_divider/divider.S.obj (__aeabi_idiv0)
c:/progra~2/armgnu~1/1213fb~1.2mp/bin/../lib/gcc/arm-none-eabi/12.2.0/thumb/v6-m/nofp\libc.a(libc_a-calloc.o)
                              CMakeFiles/flashlight.dir/C_/Users/PP_ju/pico-sdk/src/rp2_common/pico_malloc/pico_malloc.c.obj (calloc)
c:/progra~2/armgnu~1/1213fb~1.2mp/bin/../lib/gcc/arm-none-eabi/12.2.0/thumb/v6-m/nofp\libc.a(libc_a-callocr.o)
                              c:/progra~2/armgnu~1/1213fb~1.2mp/bin/../lib/gcc/arm-none-eabi/12.2.0/thumb/v6-m/nofp\libc.a(libc_a-calloc.o) (_calloc_r)
c:/progra~2/armgnu~1/1213fb~1.2mp/bin/../lib/gcc/arm-none-eabi/12.2.0/thumb/v6-m/nofp\libc.a(libc_a-malloc.o)
                              CMakeFiles/flashlight.dir/C_/Users/PP_ju/pico-sdk/src/rp2_common/pico_malloc/pico_malloc.c.obj (malloc)
c:/progra~2/armgnu~1/1213fb~1.2mp/bin/../lib/gcc/arm-none-eabi/12.2.0/thumb/v6-m/nofp\libc.a(libc_a-mallocr.o)
                              c:/progra~2/armgnu~1/1213fb~1.2mp/bin/../lib/gcc/arm-none-eabi/12.2.0/thumb/v6-m/nofp\libc.a(libc_a-callocr.o) (_malloc_r)
c:/progra~2/armgnu~1/1213fb~1.2mp/bin/../lib/gcc/arm-none-eabi/12.2.0/thumb/v6-m/nofp\libc.a(libc_a-mlock.o)
                              c:/progra~2/armgnu~1/1213fb~1.2mp/bin/../lib/gcc/arm-none-eabi/12.2.0/thumb/v6-m/nofp\libc.a(libc_a-mallocr.o) (__malloc_lock)
c:/progra~2/armgnu~1/1213fb~1.2mp/bin/../lib/gcc/arm-none-eabi/12.2.0/thumb/v6-m/nofp\libc.a(libc_a-realloc.o)
                              CMakeFiles/flashlight.dir/C_/Users/PP_ju/pico-sdk/src/rp2_common/pico_malloc/pico_malloc.c.obj (realloc)
c:/progra~2/armgnu~1/1213fb~1.2mp/bin/../lib/gcc/arm-none-eabi/12.2.0/thumb/v6-m/nofp\libc.a(libc_a-reallocr.o)
                              c:/progra~2/armgnu~1/1213fb~1.2mp/bin/../lib/gcc/arm-none-eabi/12.2.0/thumb/v6-m/nofp\libc.a(libc_a-realloc.o) (_realloc_r)
c:/progra~2/armgnu~1/1213fb~1.2mp/bin/../lib/gcc/arm-none-eabi/12.2.0/thumb/v6-m/nofp\libc.a(libc_a-scanf.o)
                              CMakeFiles/flashlight.dir/main.c.obj (scanf)
c:/progra~2/armgnu~1/1213fb~1.2mp/bin/../lib/gcc/arm-none-eabi/12.2.0/thumb/v6-m/nofp\libc.a(libc_a-memmove.o)
                              c:/progra~2/armgnu~1/1213fb~1.2mp/bin/../lib/gcc/arm-none-eabi/12.2.0/thumb/v6-m/nofp\libc.a(libc_a-reallocr.o) (memmove)
c:/progra~2/armgnu~1/1213fb~1.2mp/bin/../lib/gcc/arm-none-eabi/12.2.0/thumb/v6-m/nofp\libc.a(libc_a-impure.o)
                              c:/progra~2/armgnu~1/1213fb~1.2mp/bin/../lib/gcc/arm-none-eabi/12.2.0/thumb/v6-m/nofp\libc.a(libc_a-calloc.o) (_impure_ptr)
c:/progra~2/armgnu~1/1213fb~1.2mp/bin/../lib/gcc/arm-none-eabi/12.2.0/thumb/v6-m/nofp\libc.a(libc_a-sbrkr.o)
                              c:/progra~2/armgnu~1/1213fb~1.2mp/bin/../lib/gcc/arm-none-eabi/12.2.0/thumb/v6-m/nofp\libc.a(libc_a-mallocr.o) (_sbrk_r)
c:/progra~2/armgnu~1/1213fb~1.2mp/bin/../lib/gcc/arm-none-eabi/12.2.0/thumb/v6-m/nofp\libc.a(libc_a-errno.o)
                              c:/progra~2/armgnu~1/1213fb~1.2mp/bin/../lib/gcc/arm-none-eabi/12.2.0/thumb/v6-m/nofp\libc.a(libc_a-callocr.o) (__errno)
c:/progra~2/armgnu~1/1213fb~1.2mp/bin/../lib/gcc/arm-none-eabi/12.2.0/thumb/v6-m/nofp\libc.a(libc_a-init.o)
                              c:/progra~2/armgnu~1/1213fb~1.2mp/bin/../lib/gcc/arm-none-eabi/12.2.0/thumb/v6-m/nofp/crt0.o (__libc_init_array)
c:/progra~2/armgnu~1/1213fb~1.2mp/bin/../lib/gcc/arm-none-eabi/12.2.0/thumb/v6-m/nofp\libc.a(libc_a-lock.o)
                              c:/progra~2/armgnu~1/1213fb~1.2mp/bin/../lib/gcc/arm-none-eabi/12.2.0/thumb/v6-m/nofp\libc.a(libc_a-mlock.o) (__retarget_lock_acquire_recursive)
c:/progra~2/armgnu~1/1213fb~1.2mp/bin/../lib/gcc/arm-none-eabi/12.2.0/thumb/v6-m/nofp\libc.a(libc_a-strlen-stub.o)
                              CMakeFiles/flashlight.dir/C_/Users/PP_ju/pico-sdk/src/rp2_common/pico_stdio/stdio.c.obj (strlen)
c:/progra~2/armgnu~1/1213fb~1.2mp/bin/../lib/gcc/arm-none-eabi/12.2.0/thumb/v6-m/nofp\libc.a(libc_a-freer.o)
                              c:/progra~2/armgnu~1/1213fb~1.2mp/bin/../lib/gcc/arm-none-eabi/12.2.0/thumb/v6-m/nofp\libc.a(libc_a-malloc.o) (_free_r)
c:/progra~2/armgnu~1/1213fb~1.2mp/bin/../lib/gcc/arm-none-eabi/12.2.0/thumb/v6-m/nofp\libc.a(libc_a-vfscanf.o)
                              c:/progra~2/armgnu~1/1213fb~1.2mp/bin/../lib/gcc/arm-none-eabi/12.2.0/thumb/v6-m/nofp\libc.a(libc_a-scanf.o) (_vfscanf_r)
c:/progra~2/armgnu~1/1213fb~1.2mp/bin/../lib/gcc/arm-none-eabi/12.2.0/thumb/v6-m/nofp\libc.a(libc_a-findfp.o)
                              c:/progra~2/armgnu~1/1213fb~1.2mp/bin/../lib/gcc/arm-none-eabi/12.2.0/thumb/v6-m/nofp\libc.a(libc_a-impure.o) (__sf)
c:/progra~2/armgnu~1/1213fb~1.2mp/bin/../lib/gcc/arm-none-eabi/12.2.0/thumb/v6-m/nofp\libc.a(libc_a-fread.o)
[...]
Memory Configuration

Name             Origin             Length             Attributes
FLASH            0x10000000         0x00200000         xr
RAM              0x20000000         0x00040000         xrw
SCRATCH_X        0x20040000         0x00001000         xrw
SCRATCH_Y        0x20041000         0x00001000         xrw
*default*        0x00000000         0xffffffff

Linker script and memory map

LOAD c:/progra~2/armgnu~1/1213fb~1.2mp/bin/../lib/gcc/arm-none-eabi/12.2.0/thumb/v6-m/nofp/crti.o
LOAD c:/progra~2/armgnu~1/1213fb~1.2mp/bin/../lib/gcc/arm-none-eabi/12.2.0/thumb/v6-m/nofp/crtbegin.o
LOAD c:/progra~2/armgnu~1/1213fb~1.2mp/bin/../lib/gcc/arm-none-eabi/12.2.0/thumb/v6-m/nofp/crt0.o

.flash_begin    0x10000000        0x0
                0x10000000                        __flash_binary_start = .

.boot2          0x10000000      0x100
                0x10000000                        __boot2_start__ = .
 *(.boot2)
 .boot2         0x10000000      0x100 C:\Users\PP_ju\AppData\Local\Temp\ccWEWMwu.o
                0x10000100                        __boot2_end__ = .
                0x00000001                        ASSERT (((__boot2_end__ - __boot2_start__) == 0x100), ERROR: Pico second stage bootloader must be 256 bytes in size)

.text           0x10000100     0xd5f0
                0x10000100                        __logical_binary_start = .
 *(.vectors)
 .vectors       0x10000100       0xd4 CMakeFiles/flashlight.dir/C_/Users/PP_ju/pico-sdk/src/rp2_common/pico_standard_link/crt0.S.obj
                0x10000100                __VECTOR_TABLE
                0x10000100                __vectors
                0x100001c0                isr_invalid
                0x100001c0                __default_isrs_start
                0x100001c2                isr_nmi
                0x100001c4                isr_hardfault
                0x100001c6                isr_svcall
                0x100001c8                isr_pendsv
                0x100001ca                isr_systick
                0x100001cc                isr_irq23
                0x100001cc                isr_irq18
                0x100001cc                isr_irq11
                0x100001cc                isr_irq28
                0x100001cc                isr_irq19
                0x100001cc                isr_irq0
                0x100001cc                isr_irq6
                0x100001cc                isr_irq5
                0x100001cc                isr_irq12
                0x100001cc                isr_irq22
                0x100001cc                isr_irq31
                0x100001cc                isr_irq17
                0x100001cc                isr_irq27
                0x100001cc                isr_irq30
                0x100001cc                isr_irq2
                0x100001cc                isr_irq10
                0x100001cc                isr_irq8
                0x100001cc                isr_irq24
                0x100001cc                isr_irq1
                0x100001cc                isr_irq7
                0x100001cc                isr_irq21
                0x100001cc                isr_irq20
                0x100001cc                isr_irq15
                0x100001cc                isr_irq25
                0x100001cc                isr_irq13
                0x100001cc                __unhandled_user_irq
                0x100001cc                isr_irq4
                0x100001cc                isr_irq16
                0x100001cc                isr_irq29
                0x100001cc                isr_irq26
                0x100001cc                __default_isrs_end
                0x100001cc                isr_irq3
                0x100001cc                isr_irq14
                0x100001cc                isr_irq9
                0x100001d2                unhandled_user_irq_num_in_r0
 *(.binary_info_header)
 .binary_info_header
                0x100001d4       0x14 CMakeFiles/flashlight.dir/C_/Users/PP_ju/pico-sdk/src/rp2_common/pico_standard_link/crt0.S.obj
                0x100001e8                        __binary_info_header_end = .
 *(.reset)
 .reset         0x100001e8       0xa8 CMakeFiles/flashlight.dir/C_/Users/PP_ju/pico-sdk/src/rp2_common/pico_standard_link/crt0.S.obj
                0x100001e8                _entry_point
                0x10000266                __get_current_exception
 .reset         0x10000290       0x30 CMakeFiles/flashlight.dir/C_/Users/PP_ju/pico-sdk/src/rp2_common/pico_standard_link/binary_info.c.obj
 *(.init)
 .init          0x100002c0        0x4 c:/progra~2/armgnu~1/1213fb~1.2mp/bin/../lib/gcc/arm-none-eabi/12.2.0/thumb/v6-m/nofp/crti.o
                0x100002c0                _init
 *(EXCLUDE_FILE(*libm.a: *libc.a:*lib_a-mem*.o *libgcc.a:) .text*)
 .text.register_tm_clones
                0x100002c4       0x28 c:/progra~2/armgnu~1/1213fb~1.2mp/bin/../lib/gcc/arm-none-eabi/12.2.0/thumb/v6-m/nofp/crtbegin.o
 .text.frame_dummy
                0x100002ec       0x24 c:/progra~2/armgnu~1/1213fb~1.2mp/bin/../lib/gcc/arm-none-eabi/12.2.0/thumb/v6-m/nofp/crtbegin.o
 .text.funcInput
                0x10000310       0xb8 CMakeFiles/flashlight.dir/main.c.obj
                0x10000310                funcInput
 .text.funcDisplay
                0x100003c8       0x20 CMakeFiles/flashlight.dir/main.c.obj
                0x100003c8                funcDisplay
 .text.funcRead
                0x100003e8       0x2c CMakeFiles/flashlight.dir/main.c.obj
                0x100003e8                funcRead
 .text.funcWrite
                0x10000414       0x2c CMakeFiles/flashlight.dir/main.c.obj
                0x10000414                funcWrite
 .text.startup.main
                0x10000440      0x110 CMakeFiles/flashlight.dir/main.c.obj
                0x10000440                main
 .text.hw_claim_or_assert
                0x10000550       0x44 CMakeFiles/flashlight.dir/C_/Users/PP_ju/pico-sdk/src/rp2_common/hardware_claim/claim.c.obj
                0x10000550                hw_claim_or_assert
 .text.hw_claim_unused_from_range
                0x10000594       0x9c CMakeFiles/flashlight.dir/C_/Users/PP_ju/pico-sdk/src/rp2_common/hardware_claim/claim.c.obj
                0x10000594                hw_claim_unused_from_range
 .text.running_on_fpga
                0x10000630       0x10 CMakeFiles/flashlight.dir/C_/Users/PP_ju/pico-sdk/src/rp2_common/pico_platform/platform.c.obj
                0x10000630                running_on_fpga
 .text.spin_locks_reset
                0x10000640       0x1c CMakeFiles/flashlight.dir/C_/Users/PP_ju/pico-sdk/src/rp2_common/hardware_sync/sync.c.obj
                0x10000640                spin_locks_reset
 .text.next_striped_spin_lock_num
                0x1000065c       0x18 CMakeFiles/flashlight.dir/C_/Users/PP_ju/pico-sdk/src/rp2_common/hardware_sync/sync.c.obj
                0x1000065c                next_striped_spin_lock_num
 .text.spin_lock_claim_unused
                0x10000674       0x24 CMakeFiles/flashlight.dir/C_/Users/PP_ju/pico-sdk/src/rp2_common/hardware_sync/sync.c.obj
                0x10000674                spin_lock_claim_unused
 .text.irq_set_enabled
                0x10000698       0x24 CMakeFiles/flashlight.dir/C_/Users/PP_ju/pico-sdk/src/rp2_common/hardware_irq/irq.c.obj
                0x10000698                irq_set_enabled
 .text.irq_set_pending
                0x100006bc       0x10 CMakeFiles/flashlight.dir/C_/Users/PP_ju/pico-sdk/src/rp2_common/hardware_irq/irq.c.obj
                0x100006bc                irq_set_pending
 .text.irq_has_shared_handler
                0x100006cc       0x2c CMakeFiles/flashlight.dir/C_/Users/PP_ju/pico-sdk/src/rp2_common/hardware_irq/irq.c.obj
                0x100006cc                irq_has_shared_handler
 .text.irq_get_vtable_handler
                0x100006f8       0x10 CMakeFiles/flashlight.dir/C_/Users/PP_ju/pico-sdk/src/rp2_common/hardware_irq/irq.c.obj
                0x100006f8                irq_get_vtable_handler
 .text.irq_set_exclusive_handler
                0x10000708       0x54 CMakeFiles/flashlight.dir/C_/Users/PP_ju/pico-sdk/src/rp2_common/hardware_irq/irq.c.obj
                0x10000708                irq_set_exclusive_handler
 .text.irq_add_shared_handler
                0x1000075c      0x1f4 CMakeFiles/flashlight.dir/C_/Users/PP_ju/pico-sdk/src/rp2_common/hardware_irq/irq.c.obj
                0x1000075c                irq_add_shared_handler
 .text.irq_remove_handler
                0x10000950      0x1cc CMakeFiles/flashlight.dir/C_/Users/PP_ju/pico-sdk/src/rp2_common/hardware_irq/irq.c.obj
                0x10000950                irq_remove_handler
 .text.irq_add_tail_to_free_list
                0x10000b1c       0xb4 CMakeFiles/flashlight.dir/C_/Users/PP_ju/pico-sdk/src/rp2_common/hardware_irq/irq.c.obj
                0x10000b1c                irq_add_tail_to_free_list
 .text.irq_init_priorities
                0x10000bd0       0x24 CMakeFiles/flashlight.dir/C_/Users/PP_ju/pico-sdk/src/rp2_common/hardware_irq/irq.c.obj
                0x10000bd0                irq_init_priorities
 .text.user_irq_claim_unused
                0x10000bf4       0x30 CMakeFiles/flashlight.dir/C_/Users/PP_ju/pico-sdk/src/rp2_common/hardware_irq/irq.c.obj
                0x10000bf4                user_irq_claim_unused
 .text.lock_init
                0x10000c24       0x10 CMakeFiles/flashlight.dir/C_/Users/PP_ju/pico-sdk/src/common/pico_sync/lock_core.c.obj
                0x10000c24                lock_init
 .text.timer_pool_entry_comparator
                0x10000c34       0x34 CMakeFiles/flashlight.dir/C_/Users/PP_ju/pico-sdk/src/common/pico_time/time.c.obj
                0x10000c34                timer_pool_entry_comparator
 .text.sleep_until_callback
                0x10000c68       0x30 CMakeFiles/flashlight.dir/C_/Users/PP_ju/pico-sdk/src/common/pico_time/time.c.obj
 .text.add_alarm_under_lock.isra.0
                0x10000c98      0x100 CMakeFiles/flashlight.dir/C_/Users/PP_ju/pico-sdk/src/common/pico_time/time.c.obj
 .text.alarm_pool_alarm_callback
                0x10000d98      0x1c4 CMakeFiles/flashlight.dir/C_/Users/PP_ju/pico-sdk/src/common/pico_time/time.c.obj
 .text.alarm_pool_add_alarm_at.constprop.0
                0x10000f5c      0x11c CMakeFiles/flashlight.dir/C_/Users/PP_ju/pico-sdk/src/common/pico_time/time.c.obj
 .text.alarm_pool_init_default
                0x10001078       0x64 CMakeFiles/flashlight.dir/C_/Users/PP_ju/pico-sdk/src/common/pico_time/time.c.obj
                0x10001078                alarm_pool_init_default
 .text.alarm_pool_get_default
                0x100010dc        0x8 CMakeFiles/flashlight.dir/C_/Users/PP_ju/pico-sdk/src/common/pico_time/time.c.obj
                0x100010dc                alarm_pool_get_default
 .text.alarm_pool_add_alarm_at
                0x100010e4      0x19c CMakeFiles/flashlight.dir/C_/Users/PP_ju/pico-sdk/src/common/pico_time/time.c.obj
                0x100010e4                alarm_pool_add_alarm_at
 .text.best_effort_wfe_or_timeout
                0x10001280       0xd0 CMakeFiles/flashlight.dir/C_/Users/PP_ju/pico-sdk/src/common/pico_time/time.c.obj
                0x10001280                best_effort_wfe_or_timeout
 .text.hardware_alarm_irq_handler
                0x10001350       0xb8 CMakeFiles/flashlight.dir/C_/Users/PP_ju/pico-sdk/src/rp2_common/hardware_timer/timer.c.obj
 .text.hardware_alarm_claim
                0x10001408       0x18 CMakeFiles/flashlight.dir/C_/Users/PP_ju/pico-sdk/src/rp2_common/hardware_timer/timer.c.obj
                0x10001408                hardware_alarm_claim
 .text.time_us_64
                0x10001420       0x14 CMakeFiles/flashlight.dir/C_/Users/PP_ju/pico-sdk/src/rp2_common/hardware_timer/timer.c.obj
                0x10001420                time_us_64
 .text.busy_wait_us
                0x10001434       0x68 CMakeFiles/flashlight.dir/C_/Users/PP_ju/pico-sdk/src/rp2_common/hardware_timer/timer.c.obj
                0x10001434                busy_wait_us
 .text.hardware_alarm_set_callback
                0x1000149c       0x8c CMakeFiles/flashlight.dir/C_/Users/PP_ju/pico-sdk/src/rp2_common/hardware_timer/timer.c.obj
                0x1000149c                hardware_alarm_set_callback
 .text.hardware_alarm_set_target
                0x10001528       0xdc CMakeFiles/flashlight.dir/C_/Users/PP_ju/pico-sdk/src/rp2_common/hardware_timer/timer.c.obj
                0x10001528                hardware_alarm_set_target
 .text.hardware_alarm_cancel
                0x10001604       0x3c CMakeFiles/flashlight.dir/C_/Users/PP_ju/pico-sdk/src/rp2_common/hardware_timer/timer.c.obj
                0x10001604                hardware_alarm_cancel
 .text.ph_merge_nodes
                0x10001640       0x64 CMakeFiles/flashlight.dir/C_/Users/PP_ju/pico-sdk/src/common/pico_util/pheap.c.obj
 .text.ph_post_alloc_init
                0x100016a4       0x3c CMakeFiles/flashlight.dir/C_/Users/PP_ju/pico-sdk/src/common/pico_util/pheap.c.obj
                0x100016a4                ph_post_alloc_init
 .text.ph_merge_two_pass
                0x100016e0       0x98 CMakeFiles/flashlight.dir/C_/Users/PP_ju/pico-sdk/src/common/pico_util/pheap.c.obj
                0x100016e0                ph_merge_two_pass
 .text.ph_remove_any_head
                0x10001778      0x12c CMakeFiles/flashlight.dir/C_/Users/PP_ju/pico-sdk/src/common/pico_util/pheap.c.obj
 .text.ph_remove_head
                0x100018a4      0x130 CMakeFiles/flashlight.dir/C_/Users/PP_ju/pico-sdk/src/common/pico_util/pheap.c.obj
                0x100018a4                ph_remove_head
 .text.ph_remove_and_free_node
                0x100019d4       0x78 CMakeFiles/flashlight.dir/C_/Users/PP_ju/pico-sdk/src/common/pico_util/pheap.c.obj
                0x100019d4                ph_remove_and_free_node
 .text.mutex_init
                0x10001a4c       0x1c CMakeFiles/flashlight.dir/C_/Users/PP_ju/pico-sdk/src/common/pico_sync/mutex.c.obj
                0x10001a4c                mutex_init
 .text.recursive_mutex_init
                0x10001a68       0x1c CMakeFiles/flashlight.dir/C_/Users/PP_ju/pico-sdk/src/common/pico_sync/mutex.c.obj
                0x10001a68                recursive_mutex_init
 .text.critical_section_init
                0x10001a84       0x1c CMakeFiles/flashlight.dir/C_/Users/PP_ju/pico-sdk/src/common/pico_sync/critical_section.c.obj
                0x10001a84                critical_section_init
 .text.runtime_init
                0x10001aa0       0xf0 CMakeFiles/flashlight.dir/C_/Users/PP_ju/pico-sdk/src/rp2_common/pico_runtime/runtime.c.obj
                0x10001aa0                runtime_init
 .text._sbrk    0x10001b90       0x34 CMakeFiles/flashlight.dir/C_/Users/PP_ju/pico-sdk/src/rp2_common/pico_runtime/runtime.c.obj
                0x10001b90                _sbrk
 .text.exit     0x10001bc4        0x4 CMakeFiles/flashlight.dir/C_/Users/PP_ju/pico-sdk/src/rp2_common/pico_runtime/runtime.c.obj
                0x10001bc4                exit
 .text.__assert_func
                0x10001bc8       0x34 CMakeFiles/flashlight.dir/C_/Users/PP_ju/pico-sdk/src/rp2_common/pico_runtime/runtime.c.obj
                0x10001bc8                __assert_func
 .text.panic    0x10001bfc       0x30 CMakeFiles/flashlight.dir/C_/Users/PP_ju/pico-sdk/src/rp2_common/pico_runtime/runtime.c.obj
                0x10001bfc                panic
 .text.hard_assertion_failure
                0x10001c2c        0xc CMakeFiles/flashlight.dir/C_/Users/PP_ju/pico-sdk/src/rp2_common/pico_runtime/runtime.c.obj
                0x10001c2c                hard_assertion_failure
 .text.clocks_init
                0x10001c38      0x2b4 CMakeFiles/flashlight.dir/C_/Users/PP_ju/pico-sdk/src/rp2_common/hardware_clocks/clocks.c.obj
                0x10001c38                clocks_init
 .text.pll_init
                0x10001eec       0xa8 CMakeFiles/flashlight.dir/C_/Users/PP_ju/pico-sdk/src/rp2_common/hardware_pll/pll.c.obj
                0x10001eec                pll_init
 .text.watchdog_start_tick
                0x10001f94       0x10 CMakeFiles/flashlight.dir/C_/Users/PP_ju/pico-sdk/src/rp2_common/hardware_watchdog/watchdog.c.obj
                0x10001f94                watchdog_start_tick
 .text.watchdog_reboot
                0x10001fa4       0x9c CMakeFiles/flashlight.dir/C_/Users/PP_ju/pico-sdk/src/rp2_common/hardware_watchdog/watchdog.c.obj
                0x10001fa4                watchdog_reboot
 .text.xosc_init
                0x10002040       0x28 CMakeFiles/flashlight.dir/C_/Users/PP_ju/pico-sdk/src/rp2_common/hardware_xosc/xosc.c.obj
                0x10002040                xosc_init
 .text._out_buffer
                0x10002068        0x8 CMakeFiles/flashlight.dir/C_/Users/PP_ju/pico-sdk/src/rp2_common/pico_printf/printf.c.obj
 .text._out_null
                0x10002070        0x4 CMakeFiles/flashlight.dir/C_/Users/PP_ju/pico-sdk/src/rp2_common/pico_printf/printf.c.obj
 .text._out_rev
                0x10002074       0x90 CMakeFiles/flashlight.dir/C_/Users/PP_ju/pico-sdk/src/rp2_common/pico_printf/printf.c.obj
 .text._ntoa_format
                0x10002104      0x1f4 CMakeFiles/flashlight.dir/C_/Users/PP_ju/pico-sdk/src/rp2_common/pico_printf/printf.c.obj
 .text._out_char
                0x100022f8       0x10 CMakeFiles/flashlight.dir/C_/Users/PP_ju/pico-sdk/src/rp2_common/pico_printf/printf.c.obj
 .text._out_fct
                0x10002308       0x10 CMakeFiles/flashlight.dir/C_/Users/PP_ju/pico-sdk/src/rp2_common/pico_printf/printf.c.obj
 .text._etoa    0x10002318      0x454 CMakeFiles/flashlight.dir/C_/Users/PP_ju/pico-sdk/src/rp2_common/pico_printf/printf.c.obj
 .text._ftoa    0x1000276c      0x3c4 CMakeFiles/flashlight.dir/C_/Users/PP_ju/pico-sdk/src/rp2_common/pico_printf/printf.c.obj
 .text._vsnprintf
                0x10002b30      0xb24 CMakeFiles/flashlight.dir/C_/Users/PP_ju/pico-sdk/src/rp2_common/pico_printf/printf.c.obj
 .text.__wrap_sprintf
                0x10003654       0x2c CMakeFiles/flashlight.dir/C_/Users/PP_ju/pico-sdk/src/rp2_common/pico_printf/printf.c.obj
                0x10003654                __wrap_sprintf
 .text.vfctprintf
                0x10003680       0x20 CMakeFiles/flashlight.dir/C_/Users/PP_ju/pico-sdk/src/rp2_common/pico_printf/printf.c.obj
                0x10003680                vfctprintf
 .text.weak_raw_printf
                0x100036a0       0x40 CMakeFiles/flashlight.dir/C_/Users/PP_ju/pico-sdk/src/rp2_common/pico_printf/printf.c.obj
                0x100036a0                weak_raw_printf
 .text.weak_raw_vprintf
                0x100036e0       0x30 CMakeFiles/flashlight.dir/C_/Users/PP_ju/pico-sdk/src/rp2_common/pico_printf/printf.c.obj
                0x100036e0                weak_raw_vprintf
 .text          0x10003710       0x10 CMakeFiles/flashlight.dir/C_/Users/PP_ju/pico-sdk/src/rp2_common/pico_bit_ops/bit_ops_aeabi.S.obj
 .text.rom_func_lookup
                0x10003720       0x10 CMakeFiles/flashlight.dir/C_/Users/PP_ju/pico-sdk/src/rp2_common/pico_bootrom/bootrom.c.obj
                0x10003720                rom_func_lookup
 .text.rom_data_lookup
                0x10003730       0x10 CMakeFiles/flashlight.dir/C_/Users/PP_ju/pico-sdk/src/rp2_common/pico_bootrom/bootrom.c.obj
                0x10003730                rom_data_lookup
 .text.rom_funcs_lookup
                0x10003740       0x44 CMakeFiles/flashlight.dir/C_/Users/PP_ju/pico-sdk/src/rp2_common/pico_bootrom/bootrom.c.obj
                0x10003740                rom_funcs_lookup
 .text.__wrap___aeabi_idiv
                0x10003784       0x50 CMakeFiles/flashlight.dir/C_/Users/PP_ju/pico-sdk/src/rp2_common/pico_divider/divider.S.obj
                0x10003784                __wrap___aeabi_idivmod
                0x10003784                divmod_s32s32
                0x10003784                div_s32s32
                0x10003784                __wrap___aeabi_idiv
                0x1000378c                divmod_s32s32_unsafe
                0x100037b8                divmod_s32s32_savestate
 .text.__wrap___aeabi_uidiv
                0x100037d4       0x4c CMakeFiles/flashlight.dir/C_/Users/PP_ju/pico-sdk/src/rp2_common/pico_divider/divider.S.obj
                0x100037d4                __wrap___aeabi_uidiv
                0x100037d4                __wrap___aeabi_uidivmod
                0x100037d4                div_u32u32
                0x100037d4                divmod_u32u32
                0x100037dc                divmod_u32u32_unsafe
                0x10003804                divmod_u32u32_savestate
 .text.__wrap___aeabi_ldiv
                0x10003820      0x434 CMakeFiles/flashlight.dir/C_/Users/PP_ju/pico-sdk/src/rp2_common/pico_divider/divider.S.obj
                0x10003820                div_s64s64
                0x10003820                divmod_s64s64
                0x10003820                __wrap___aeabi_ldivmod
                0x10003858                divmod_u64u64
                0x10003858                div_u64u64
                0x10003858                __wrap___aeabi_uldivmod
                0x10003868                divmod_u64u64_savestate
                0x10003890                divmod_s64s64_unsafe
                0x10003918                divmod_u64u64_unsafe
 .text.__wrap___aeabi_darithmetic
                0x10003c54       0x80 CMakeFiles/flashlight.dir/C_/Users/PP_ju/pico-sdk/src/rp2_common/pico_double/double_aeabi.S.obj
                0x10003c54                __wrap___aeabi_drsub
                0x10003c5a                __wrap___aeabi_dsub
                0x10003c6c                __wrap___aeabi_dadd
                0x10003c7e                __wrap___aeabi_ddiv
                0x10003cba                __wrap___aeabi_dmul
 .text.__wrap___aeabi_cdcmple
                0x10003cd4       0x6c CMakeFiles/flashlight.dir/C_/Users/PP_ju/pico-sdk/src/rp2_common/pico_double/double_aeabi.S.obj
                0x10003cd4                __wrap___aeabi_cdrcmple
                0x10003ce4                __wrap___aeabi_cdcmpeq
                0x10003ce4                __wrap___aeabi_cdcmple
 .text.__wrap___aeabi_dcmpeq
                0x10003d40       0x10 CMakeFiles/flashlight.dir/C_/Users/PP_ju/pico-sdk/src/rp2_common/pico_double/double_aeabi.S.obj
                0x10003d40                __wrap___aeabi_dcmpeq
 .text.__wrap___aeabi_dcmplt
                0x10003d50        0xc CMakeFiles/flashlight.dir/C_/Users/PP_ju/pico-sdk/src/rp2_common/pico_double/double_aeabi.S.obj
                0x10003d50                __wrap___aeabi_dcmplt
 .text.__wrap___aeabi_dcmple
                0x10003d5c       0x10 CMakeFiles/flashlight.dir/C_/Users/PP_ju/pico-sdk/src/rp2_common/pico_double/double_aeabi.S.obj
                0x10003d5c                __wrap___aeabi_dcmple
 .text.__wrap___aeabi_dcmpge
                0x10003d6c       0x10 CMakeFiles/flashlight.dir/C_/Users/PP_ju/pico-sdk/src/rp2_common/pico_double/double_aeabi.S.obj
                0x10003d6c                __wrap___aeabi_dcmpge
 .text.__wrap___aeabi_dcmpgt
                0x10003d7c        0xa CMakeFiles/flashlight.dir/C_/Users/PP_ju/pico-sdk/src/rp2_common/pico_double/double_aeabi.S.obj
                0x10003d7c                __wrap___aeabi_dcmpgt
 .text.__wrap___aeabi_dcmpun
                0x10003d86       0x1c CMakeFiles/flashlight.dir/C_/Users/PP_ju/pico-sdk/src/rp2_common/pico_double/double_aeabi.S.obj
                0x10003d86                __wrap___aeabi_dcmpun
 *fill*         0x10003da2        0x2 
 .text.__wrap___aeabi_i2d
                0x10003da4       0x38 CMakeFiles/flashlight.dir/C_/Users/PP_ju/pico-sdk/src/rp2_common/pico_double/double_aeabi.S.obj
                0x10003da4                __wrap___aeabi_ui2d
                0x10003dac                __wrap___aeabi_i2d
 .text.__wrap___aeabi_d2iz
                0x10003ddc       0x48 CMakeFiles/flashlight.dir/C_/Users/PP_ju/pico-sdk/src/rp2_common/pico_double/double_aeabi.S.obj
                0x10003ddc                double2int_z
                0x10003ddc                __wrap___aeabi_d2iz
 .text.__wrap___aeabi_d2uiz
                0x10003e24       0x18 CMakeFiles/flashlight.dir/C_/Users/PP_ju/pico-sdk/src/rp2_common/pico_double/double_aeabi.S.obj
                0x10003e24                __wrap___aeabi_d2uiz
                0x10003e24                double2uint
 .text.__wrap___aeabi_l2d
                0x10003e3c       0x18 CMakeFiles/flashlight.dir/C_/Users/PP_ju/pico-sdk/src/rp2_common/pico_double/double_aeabi.S.obj
                0x10003e3c                __wrap___aeabi_l2d
 .text.__wrap___aeabi_d2lz
                0x10003e54       0x26 CMakeFiles/flashlight.dir/C_/Users/PP_ju/pico-sdk/src/rp2_common/pico_double/double_aeabi.S.obj
                0x10003e54                double2int64_z
                0x10003e54                __wrap___aeabi_d2lz
 *fill*         0x10003e7a        0x2 
 .text.double2int64
                0x10003e7c       0x18 CMakeFiles/flashlight.dir/C_/Users/PP_ju/pico-sdk/src/rp2_common/pico_double/double_aeabi.S.obj
                0x10003e7c                double2int64
 .text.double2ufix64
                0x10003e94       0x18 CMakeFiles/flashlight.dir/C_/Users/PP_ju/pico-sdk/src/rp2_common/pico_double/double_aeabi.S.obj
                0x10003e94                double2ufix64
 .text.__wrap___aeabi_d2f
                0x10003eac       0x18 CMakeFiles/flashlight.dir/C_/Users/PP_ju/pico-sdk/src/rp2_common/pico_double/double_aeabi.S.obj
                0x10003eac                __wrap___aeabi_d2f
 .text.__aeabi_double_init
                0x10003ec4       0x98 CMakeFiles/flashlight.dir/C_/Users/PP_ju/pico-sdk/src/rp2_common/pico_double/double_init_rom.c.obj
                0x10003ec4                __aeabi_double_init
 .text.double_table_shim_on_use_helper
                0x10003f5c       0x2c CMakeFiles/flashlight.dir/C_/Users/PP_ju/pico-sdk/src/rp2_common/pico_double/double_v1_rom_shim.S.obj
                0x10003f5c                double_table_shim_on_use_helper
 .text.__wrap___aeabi_dsub
                0x10003f88       0x10 CMakeFiles/flashlight.dir/C_/Users/PP_ju/pico-sdk/src/rp2_common/pico_double/double_v1_rom_shim.S.obj
                0x10003f88                drsub_shim
                0x10003f8e                dsub_shim
 .text.dadd_shim
                0x10003f98      0x15c CMakeFiles/flashlight.dir/C_/Users/PP_ju/pico-sdk/src/rp2_common/pico_double/double_v1_rom_shim.S.obj
                0x10003f98                dadd_shim
 .text.dmul_shim
                0x100040f4      0x15c CMakeFiles/flashlight.dir/C_/Users/PP_ju/pico-sdk/src/rp2_common/pico_double/double_v1_rom_shim.S.obj
                0x100040f4                dmul_shim
 .text.ddiv_shim
                0x10004250      0x1b0 CMakeFiles/flashlight.dir/C_/Users/PP_ju/pico-sdk/src/rp2_common/pico_double/double_v1_rom_shim.S.obj
                0x10004250                ddiv_shim
 .text.double2uint_shim
                0x10004400        0xe CMakeFiles/flashlight.dir/C_/Users/PP_ju/pico-sdk/src/rp2_common/pico_double/double_v1_rom_shim.S.obj
                0x10004400                double2uint_shim
                0x10004402                double2ufix_shim
 .text.double2int64_shim
                0x1000440e       0x1a CMakeFiles/flashlight.dir/C_/Users/PP_ju/pico-sdk/src/rp2_common/pico_double/double_v1_rom_shim.S.obj
                0x1000440e                double2int64_shim
                0x10004410                double2fix64_shim
 .text.double2uint64_shim
                0x10004428       0x70 CMakeFiles/flashlight.dir/C_/Users/PP_ju/pico-sdk/src/rp2_common/pico_double/double_v1_rom_shim.S.obj
                0x10004428                double2uint64_shim
                0x1000442a                double2ufix64_shim
                0x1000444a                d2fix_a
 .text.double2float_shim
                0x10004498       0x5c CMakeFiles/flashlight.dir/C_/Users/PP_ju/pico-sdk/src/rp2_common/pico_double/double_v1_rom_shim.S.obj
                0x10004498                double2float_shim
 .text.x2double_shims
                0x100044f4       0x90 CMakeFiles/flashlight.dir/C_/Users/PP_ju/pico-sdk/src/rp2_common/pico_double/double_v1_rom_shim.S.obj
                0x100044f4                uint2double_shim
                0x100044f6                ufix2double_shim
                0x100044fc                int2double_shim
                0x100044fe                fix2double_shim
                0x10004504                uint642double_shim
                0x10004506                ufix642double_shim
                0x1000450c                int642double_shim
                0x1000450e                fix642double_shim
 .text.dunpacks
                0x10004584       0x3c CMakeFiles/flashlight.dir/C_/Users/PP_ju/pico-sdk/src/rp2_common/pico_double/double_v1_rom_shim.S.obj
                0x10004584                dunpacks
 .text.__aeabi_lmul
                0x100045c0       0x32 CMakeFiles/flashlight.dir/C_/Users/PP_ju/pico-sdk/src/rp2_common/pico_int64_ops/pico_int64_ops_aeabi.S.obj
                0x100045c0                __wrap___aeabi_lmul
 *fill*         0x100045f2        0x2 
 .text.__aeabi_float_init
                0x100045f4       0x64 CMakeFiles/flashlight.dir/C_/Users/PP_ju/pico-sdk/src/rp2_common/pico_float/float_init_rom.c.obj
                0x100045f4                __aeabi_float_init
 .text.float_table_shim_on_use_helper
                0x10004658       0x2c CMakeFiles/flashlight.dir/C_/Users/PP_ju/pico-sdk/src/rp2_common/pico_float/float_v1_rom_shim.S.obj
                0x10004658                float_table_shim_on_use_helper
 .text.__wrap_malloc
                0x10004684       0x24 CMakeFiles/flashlight.dir/C_/Users/PP_ju/pico-sdk/src/rp2_common/pico_malloc/pico_malloc.c.obj
                0x10004684                __wrap_malloc
 .text.__wrap_realloc
                0x100046a8       0x24 CMakeFiles/flashlight.dir/C_/Users/PP_ju/pico-sdk/src/rp2_common/pico_malloc/pico_malloc.c.obj
                0x100046a8                __wrap_realloc
 .text.__wrap_free
                0x100046cc        0x8 CMakeFiles/flashlight.dir/C_/Users/PP_ju/pico-sdk/src/rp2_common/pico_malloc/pico_malloc.c.obj
                0x100046cc                __wrap_free
 .text          0x100046d4       0x10 CMakeFiles/flashlight.dir/C_/Users/PP_ju/pico-sdk/src/rp2_common/pico_mem_ops/mem_ops_aeabi.S.obj
                0x100046d4                __aeabi_mem_init
 .text.memset   0x100046e4        0xc CMakeFiles/flashlight.dir/C_/Users/PP_ju/pico-sdk/src/rp2_common/pico_mem_ops/mem_ops_aeabi.S.obj
                0x100046e4                __wrap_memset
 .text.memcpy   0x100046f0        0xc CMakeFiles/flashlight.dir/C_/Users/PP_ju/pico-sdk/src/rp2_common/pico_mem_ops/mem_ops_aeabi.S.obj
                0x100046f0                __wrap_memcpy
                0x100046f0                __wrap___aeabi_memcpy
 .text.stdio_out_chars_crlf
                0x100046fc       0xbc CMakeFiles/flashlight.dir/C_/Users/PP_ju/pico-sdk/src/rp2_common/pico_stdio/stdio.c.obj
 .text.stdio_buffered_printer
                0x100047b8       0x64 CMakeFiles/flashlight.dir/C_/Users/PP_ju/pico-sdk/src/rp2_common/pico_stdio/stdio.c.obj
 .text.__wrap_putchar
                0x1000481c       0xa4 CMakeFiles/flashlight.dir/C_/Users/PP_ju/pico-sdk/src/rp2_common/pico_stdio/stdio.c.obj
                0x1000481c                __wrap_putchar
 .text.__wrap_puts
                0x100048c0       0xe8 CMakeFiles/flashlight.dir/C_/Users/PP_ju/pico-sdk/src/rp2_common/pico_stdio/stdio.c.obj
                0x100048c0                __wrap_puts
 .text._read    0x100049a8       0x94 CMakeFiles/flashlight.dir/C_/Users/PP_ju/pico-sdk/src/rp2_common/pico_stdio/stdio.c.obj
                0x100049a8                _read
 .text._write   0x10004a3c       0xec CMakeFiles/flashlight.dir/C_/Users/PP_ju/pico-sdk/src/rp2_common/pico_stdio/stdio.c.obj
                0x10004a3c                _write
 .text.stdio_set_driver_enabled
                0x10004b28       0x30 CMakeFiles/flashlight.dir/C_/Users/PP_ju/pico-sdk/src/rp2_common/pico_stdio/stdio.c.obj
                0x10004b28                stdio_set_driver_enabled
 .text.__wrap_vprintf
                0x10004b58       0xd4 CMakeFiles/flashlight.dir/C_/Users/PP_ju/pico-sdk/src/rp2_common/pico_stdio/stdio.c.obj
                0x10004b58                __wrap_vprintf
 .text.__wrap_printf
                0x10004c2c       0x18 CMakeFiles/flashlight.dir/C_/Users/PP_ju/pico-sdk/src/rp2_common/pico_stdio/stdio.c.obj
                0x10004c2c                __wrap_printf
 .text.stdio_init_all
                0x10004c44        0x8 CMakeFiles/flashlight.dir/C_/Users/PP_ju/pico-sdk/src/rp2_common/pico_stdio/stdio.c.obj
                0x10004c44                stdio_init_all
 .text.resetd_init
                0x10004c4c        0x4 CMakeFiles/flashlight.dir/C_/Users/PP_ju/pico-sdk/src/rp2_common/pico_stdio_usb/reset_interface.c.obj
 .text.resetd_reset
                0x10004c50        0xc CMakeFiles/flashlight.dir/C_/Users/PP_ju/pico-sdk/src/rp2_common/pico_stdio_usb/reset_interface.c.obj
 .text.resetd_open
                0x10004c5c       0x28 CMakeFiles/flashlight.dir/C_/Users/PP_ju/pico-sdk/src/rp2_common/pico_stdio_usb/reset_interface.c.obj
 .text.resetd_xfer_cb
                0x10004c84        0x4 CMakeFiles/flashlight.dir/C_/Users/PP_ju/pico-sdk/src/rp2_common/pico_stdio_usb/reset_interface.c.obj
 .text.resetd_control_xfer_cb
                0x10004c88       0x60 CMakeFiles/flashlight.dir/C_/Users/PP_ju/pico-sdk/src/rp2_common/pico_stdio_usb/reset_interface.c.obj
 .text.usbd_app_driver_get_cb
                0x10004ce8        0xc CMakeFiles/flashlight.dir/C_/Users/PP_ju/pico-sdk/src/rp2_common/pico_stdio_usb/reset_interface.c.obj
                0x10004ce8                usbd_app_driver_get_cb
 .text.tud_cdc_line_coding_cb
                0x10004cf4       0x34 CMakeFiles/flashlight.dir/C_/Users/PP_ju/pico-sdk/src/rp2_common/pico_stdio_usb/reset_interface.c.obj
                0x10004cf4                tud_cdc_line_coding_cb
 .text.stdio_usb_in_chars
                0x10004d28       0x68 CMakeFiles/flashlight.dir/C_/Users/PP_ju/pico-sdk/src/rp2_common/pico_stdio_usb/stdio_usb.c.obj
                0x10004d28                stdio_usb_in_chars
 .text.stdio_usb_out_chars
                0x10004d90       0xe8 CMakeFiles/flashlight.dir/C_/Users/PP_ju/pico-sdk/src/rp2_common/pico_stdio_usb/stdio_usb.c.obj
 .text.timer_task
                0x10004e78       0x18 CMakeFiles/flashlight.dir/C_/Users/PP_ju/pico-sdk/src/rp2_common/pico_stdio_usb/stdio_usb.c.obj
 .text.usb_irq  0x10004e90       0x10 CMakeFiles/flashlight.dir/C_/Users/PP_ju/pico-sdk/src/rp2_common/pico_stdio_usb/stdio_usb.c.obj
 .text.low_priority_worker_irq
                0x10004ea0       0x24 CMakeFiles/flashlight.dir/C_/Users/PP_ju/pico-sdk/src/rp2_common/pico_stdio_usb/stdio_usb.c.obj
 .text.stdio_usb_init
                0x10004ec4       0xb0 CMakeFiles/flashlight.dir/C_/Users/PP_ju/pico-sdk/src/rp2_common/pico_stdio_usb/stdio_usb.c.obj
                0x10004ec4                stdio_usb_init
 .text.stdio_usb_connected
                0x10004f74        0xc CMakeFiles/flashlight.dir/C_/Users/PP_ju/pico-sdk/src/rp2_common/pico_stdio_usb/stdio_usb.c.obj
                0x10004f74                stdio_usb_connected
 .text.tud_descriptor_device_cb
                0x10004f80        0x8 CMakeFiles/flashlight.dir/C_/Users/PP_ju/pico-sdk/src/rp2_common/pico_stdio_usb/stdio_usb_descriptors.c.obj
                0x10004f80                tud_descriptor_device_cb
 .text.tud_descriptor_configuration_cb
                0x10004f88        0x8 CMakeFiles/flashlight.dir/C_/Users/PP_ju/pico-sdk/src/rp2_common/pico_stdio_usb/stdio_usb_descriptors.c.obj
                0x10004f88                tud_descriptor_configuration_cb
 .text.tud_descriptor_string_cb
                0x10004f90       0x78 CMakeFiles/flashlight.dir/C_/Users/PP_ju/pico-sdk/src/rp2_common/pico_stdio_usb/stdio_usb_descriptors.c.obj
                0x10004f90                tud_descriptor_string_cb
 .text.dcd_rp2040_irq
                0x10005008      0x1d0 CMakeFiles/flashlight.dir/C_/Users/PP_ju/pico-sdk/lib/tinyusb/src/portable/raspberrypi/rp2040/dcd_rp2040.c.obj
 .text.dcd_int_enable
                0x100051d8        0xc CMakeFiles/flashlight.dir/C_/Users/PP_ju/pico-sdk/lib/tinyusb/src/portable/raspberrypi/rp2040/dcd_rp2040.c.obj
                0x100051d8                dcd_int_enable
 .text.dcd_set_address
                0x100051e4       0x14 CMakeFiles/flashlight.dir/C_/Users/PP_ju/pico-sdk/lib/tinyusb/src/portable/raspberrypi/rp2040/dcd_rp2040.c.obj
                0x100051e4                dcd_set_address
 .text.dcd_connect
                0x100051f8       0x10 CMakeFiles/flashlight.dir/C_/Users/PP_ju/pico-sdk/lib/tinyusb/src/portable/raspberrypi/rp2040/dcd_rp2040.c.obj
                0x100051f8                dcd_connect
 .text.dcd_init
                0x10005208       0xf0 CMakeFiles/flashlight.dir/C_/Users/PP_ju/pico-sdk/lib/tinyusb/src/portable/raspberrypi/rp2040/dcd_rp2040.c.obj
                0x10005208                dcd_init
 .text.dcd_edpt0_status_complete
                0x100052f8       0x1c CMakeFiles/flashlight.dir/C_/Users/PP_ju/pico-sdk/lib/tinyusb/src/portable/raspberrypi/rp2040/dcd_rp2040.c.obj
                0x100052f8                dcd_edpt0_status_complete
 .text.dcd_edpt_open
                0x10005314       0xf0 CMakeFiles/flashlight.dir/C_/Users/PP_ju/pico-sdk/lib/tinyusb/src/portable/raspberrypi/rp2040/dcd_rp2040.c.obj
                0x10005314                dcd_edpt_open
 .text.dcd_edpt_close_all
                0x10005404       0x68 CMakeFiles/flashlight.dir/C_/Users/PP_ju/pico-sdk/lib/tinyusb/src/portable/raspberrypi/rp2040/dcd_rp2040.c.obj
                0x10005404                dcd_edpt_close_all
 .text.dcd_edpt_xfer
                0x1000546c       0x24 CMakeFiles/flashlight.dir/C_/Users/PP_ju/pico-sdk/lib/tinyusb/src/portable/raspberrypi/rp2040/dcd_rp2040.c.obj
                0x1000546c                dcd_edpt_xfer
 .text.dcd_edpt_stall
                0x10005490       0x38 CMakeFiles/flashlight.dir/C_/Users/PP_ju/pico-sdk/lib/tinyusb/src/portable/raspberrypi/rp2040/dcd_rp2040.c.obj
                0x10005490                dcd_edpt_stall
 .text.dcd_edpt_clear_stall
                0x100054c8       0x30 CMakeFiles/flashlight.dir/C_/Users/PP_ju/pico-sdk/lib/tinyusb/src/portable/raspberrypi/rp2040/dcd_rp2040.c.obj
                0x100054c8                dcd_edpt_clear_stall
 .text._hw_endpoint_buffer_control_update32.part.0.isra.0
                0x100054f8       0x1c CMakeFiles/flashlight.dir/C_/Users/PP_ju/pico-sdk/lib/tinyusb/src/portable/raspberrypi/rp2040/rp2040_usb.c.obj
 .text.rp2040_usb_init
                0x10005514       0x4c CMakeFiles/flashlight.dir/C_/Users/PP_ju/pico-sdk/lib/tinyusb/src/portable/raspberrypi/rp2040/rp2040_usb.c.obj
                0x10005514                rp2040_usb_init
 .text.hw_endpoint_reset_transfer
                0x10005560        0xc CMakeFiles/flashlight.dir/C_/Users/PP_ju/pico-sdk/lib/tinyusb/src/portable/raspberrypi/rp2040/rp2040_usb.c.obj
                0x10005560                hw_endpoint_reset_transfer
 .text._hw_endpoint_buffer_control_update32
                0x1000556c       0x44 CMakeFiles/flashlight.dir/C_/Users/PP_ju/pico-sdk/lib/tinyusb/src/portable/raspberrypi/rp2040/rp2040_usb.c.obj
                0x1000556c                _hw_endpoint_buffer_control_update32
 .text.hw_endpoint_xfer_start
                0x100055b0      0x138 CMakeFiles/flashlight.dir/C_/Users/PP_ju/pico-sdk/lib/tinyusb/src/portable/raspberrypi/rp2040/rp2040_usb.c.obj
                0x100055b0                hw_endpoint_xfer_start
 .text.hw_endpoint_xfer_continue
                0x100056e8      0x1dc CMakeFiles/flashlight.dir/C_/Users/PP_ju/pico-sdk/lib/tinyusb/src/portable/raspberrypi/rp2040/rp2040_usb.c.obj
                0x100056e8                hw_endpoint_xfer_continue
 .text.tud_mounted
                0x100058c4       0x10 CMakeFiles/flashlight.dir/C_/Users/PP_ju/pico-sdk/lib/tinyusb/src/device/usbd.c.obj
                0x100058c4                tud_mounted
 .text.tud_suspended
                0x100058d4       0x10 CMakeFiles/flashlight.dir/C_/Users/PP_ju/pico-sdk/lib/tinyusb/src/device/usbd.c.obj
                0x100058d4                tud_suspended
 .text.tud_inited
                0x100058e4        0xc CMakeFiles/flashlight.dir/C_/Users/PP_ju/pico-sdk/lib/tinyusb/src/device/usbd.c.obj
                0x100058e4                tud_inited
 .text.tud_init
                0x100058f0       0xe0 CMakeFiles/flashlight.dir/C_/Users/PP_ju/pico-sdk/lib/tinyusb/src/device/usbd.c.obj
                0x100058f0                tud_init
 .text.tud_task
                0x100059d0      0x8f0 CMakeFiles/flashlight.dir/C_/Users/PP_ju/pico-sdk/lib/tinyusb/src/device/usbd.c.obj
                0x100059d0                tud_task
 .text.dcd_event_bus_signal
                0x100062c0      0x124 CMakeFiles/flashlight.dir/C_/Users/PP_ju/pico-sdk/lib/tinyusb/src/device/usbd.c.obj
                0x100062c0                dcd_event_bus_signal
 .text.dcd_event_bus_reset
                0x100063e4       0x58 CMakeFiles/flashlight.dir/C_/Users/PP_ju/pico-sdk/lib/tinyusb/src/device/usbd.c.obj
                0x100063e4                dcd_event_bus_reset
 .text.dcd_event_setup_received
                0x1000643c       0x50 CMakeFiles/flashlight.dir/C_/Users/PP_ju/pico-sdk/lib/tinyusb/src/device/usbd.c.obj
                0x1000643c                dcd_event_setup_received
 .text.dcd_event_xfer_complete
                0x1000648c       0x68 CMakeFiles/flashlight.dir/C_/Users/PP_ju/pico-sdk/lib/tinyusb/src/device/usbd.c.obj
                0x1000648c                dcd_event_xfer_complete
 .text.usbd_open_edpt_pair
                0x100064f4       0x94 CMakeFiles/flashlight.dir/C_/Users/PP_ju/pico-sdk/lib/tinyusb/src/device/usbd.c.obj
                0x100064f4                usbd_open_edpt_pair
 .text.usbd_edpt_open
                0x10006588       0x30 CMakeFiles/flashlight.dir/C_/Users/PP_ju/pico-sdk/lib/tinyusb/src/device/usbd.c.obj
                0x10006588                usbd_edpt_open
 .text.usbd_edpt_claim
                0x100065b8       0x64 CMakeFiles/flashlight.dir/C_/Users/PP_ju/pico-sdk/lib/tinyusb/src/device/usbd.c.obj
                0x100065b8                usbd_edpt_claim
 .text.usbd_edpt_release
                0x1000661c       0x4c CMakeFiles/flashlight.dir/C_/Users/PP_ju/pico-sdk/lib/tinyusb/src/device/usbd.c.obj
                0x1000661c                usbd_edpt_release
 .text.usbd_edpt_xfer
                0x10006668       0x44 CMakeFiles/flashlight.dir/C_/Users/PP_ju/pico-sdk/lib/tinyusb/src/device/usbd.c.obj
                0x10006668                usbd_edpt_xfer
 .text.tud_control_status
                0x100066ac       0x2c CMakeFiles/flashlight.dir/C_/Users/PP_ju/pico-sdk/lib/tinyusb/src/device/usbd_control.c.obj
                0x100066ac                tud_control_status
 .text.tud_control_xfer
                0x100066d8       0xac CMakeFiles/flashlight.dir/C_/Users/PP_ju/pico-sdk/lib/tinyusb/src/device/usbd_control.c.obj
                0x100066d8                tud_control_xfer
 .text.usbd_control_reset
                0x10006784       0x14 CMakeFiles/flashlight.dir/C_/Users/PP_ju/pico-sdk/lib/tinyusb/src/device/usbd_control.c.obj
                0x10006784                usbd_control_reset
 .text.usbd_control_set_complete_callback
                0x10006798        0xc CMakeFiles/flashlight.dir/C_/Users/PP_ju/pico-sdk/lib/tinyusb/src/device/usbd_control.c.obj
                0x10006798                usbd_control_set_complete_callback
 .text.usbd_control_set_request
                0x100067a4       0x1c CMakeFiles/flashlight.dir/C_/Users/PP_ju/pico-sdk/lib/tinyusb/src/device/usbd_control.c.obj
                0x100067a4                usbd_control_set_request
 .text.usbd_control_xfer_cb
                0x100067c0       0xf4 CMakeFiles/flashlight.dir/C_/Users/PP_ju/pico-sdk/lib/tinyusb/src/device/usbd_control.c.obj
                0x100067c0                usbd_control_xfer_cb
 .text.tud_cdc_n_connected
                0x100068b4       0x30 CMakeFiles/flashlight.dir/C_/Users/PP_ju/pico-sdk/lib/tinyusb/src/class/cdc/cdc_device.c.obj
                0x100068b4                tud_cdc_n_connected
 .text.tud_cdc_n_available
                0x100068e4       0x18 CMakeFiles/flashlight.dir/C_/Users/PP_ju/pico-sdk/lib/tinyusb/src/class/cdc/cdc_device.c.obj
                0x100068e4                tud_cdc_n_available
 .text.tud_cdc_n_read
                0x100068fc       0x70 CMakeFiles/flashlight.dir/C_/Users/PP_ju/pico-sdk/lib/tinyusb/src/class/cdc/cdc_device.c.obj
                0x100068fc                tud_cdc_n_read
 .text.tud_cdc_n_write_flush
                0x1000696c       0x78 CMakeFiles/flashlight.dir/C_/Users/PP_ju/pico-sdk/lib/tinyusb/src/class/cdc/cdc_device.c.obj
                0x1000696c                tud_cdc_n_write_flush
 .text.tud_cdc_n_write
                0x100069e4       0x34 CMakeFiles/flashlight.dir/C_/Users/PP_ju/pico-sdk/lib/tinyusb/src/class/cdc/cdc_device.c.obj
                0x100069e4                tud_cdc_n_write
 .text.tud_cdc_n_write_available
                0x10006a18       0x18 CMakeFiles/flashlight.dir/C_/Users/PP_ju/pico-sdk/lib/tinyusb/src/class/cdc/cdc_device.c.obj
                0x10006a18                tud_cdc_n_write_available
 .text.cdcd_init
                0x10006a30       0x7c CMakeFiles/flashlight.dir/C_/Users/PP_ju/pico-sdk/lib/tinyusb/src/class/cdc/cdc_device.c.obj
                0x10006a30                cdcd_init
 .text.cdcd_reset
                0x10006aac       0x2c CMakeFiles/flashlight.dir/C_/Users/PP_ju/pico-sdk/lib/tinyusb/src/class/cdc/cdc_device.c.obj
                0x10006aac                cdcd_reset
 .text.cdcd_open
                0x10006ad8       0xe4 CMakeFiles/flashlight.dir/C_/Users/PP_ju/pico-sdk/lib/tinyusb/src/class/cdc/cdc_device.c.obj
                0x10006ad8                cdcd_open
 .text.cdcd_control_xfer_cb
                0x10006bbc       0xe4 CMakeFiles/flashlight.dir/C_/Users/PP_ju/pico-sdk/lib/tinyusb/src/class/cdc/cdc_device.c.obj
                0x10006bbc                cdcd_control_xfer_cb
 .text.cdcd_xfer_cb
                0x10006ca0      0x13c CMakeFiles/flashlight.dir/C_/Users/PP_ju/pico-sdk/lib/tinyusb/src/class/cdc/cdc_device.c.obj
                0x10006ca0                cdcd_xfer_cb
 .text.tusb_init
                0x10006ddc        0xc CMakeFiles/flashlight.dir/C_/Users/PP_ju/pico-sdk/lib/tinyusb/src/tusb.c.obj
                0x10006ddc                tusb_init
 .text.tusb_inited
                0x10006de8        0x8 CMakeFiles/flashlight.dir/C_/Users/PP_ju/pico-sdk/lib/tinyusb/src/tusb.c.obj
                0x10006de8                tusb_inited
 .text.tu_edpt_validate
                0x10006df0       0x80 CMakeFiles/flashlight.dir/C_/Users/PP_ju/pico-sdk/lib/tinyusb/src/tusb.c.obj
                0x10006df0                tu_edpt_validate
 .text.tu_edpt_bind_driver
                0x10006e70       0x2c CMakeFiles/flashlight.dir/C_/Users/PP_ju/pico-sdk/lib/tinyusb/src/tusb.c.obj
                0x10006e70                tu_edpt_bind_driver
 .text.tu_fifo_config
                0x10006e9c       0x74 CMakeFiles/flashlight.dir/C_/Users/PP_ju/pico-sdk/lib/tinyusb/src/common/tusb_fifo.c.obj
                0x10006e9c                tu_fifo_config
 .text.tu_fifo_count
                0x10006f10       0x20 CMakeFiles/flashlight.dir/C_/Users/PP_ju/pico-sdk/lib/tinyusb/src/common/tusb_fifo.c.obj
                0x10006f10                tu_fifo_count
 .text.tu_fifo_empty
                0x10006f30       0x10 CMakeFiles/flashlight.dir/C_/Users/PP_ju/pico-sdk/lib/tinyusb/src/common/tusb_fifo.c.obj
                0x10006f30                tu_fifo_empty
 .text.tu_fifo_remaining
                0x10006f40       0x1c CMakeFiles/flashlight.dir/C_/Users/PP_ju/pico-sdk/lib/tinyusb/src/common/tusb_fifo.c.obj
                0x10006f40                tu_fifo_remaining
 .text.tu_fifo_read
                0x10006f5c       0xa4 CMakeFiles/flashlight.dir/C_/Users/PP_ju/pico-sdk/lib/tinyusb/src/common/tusb_fifo.c.obj
                0x10006f5c                tu_fifo_read
 .text.tu_fifo_read_n
                0x10007000      0x100 CMakeFiles/flashlight.dir/C_/Users/PP_ju/pico-sdk/lib/tinyusb/src/common/tusb_fifo.c.obj
                0x10007000                tu_fifo_read_n
 .text.tu_fifo_write
                0x10007100       0x78 CMakeFiles/flashlight.dir/C_/Users/PP_ju/pico-sdk/lib/tinyusb/src/common/tusb_fifo.c.obj
                0x10007100                tu_fifo_write
 .text.tu_fifo_write_n
                0x10007178      0x100 CMakeFiles/flashlight.dir/C_/Users/PP_ju/pico-sdk/lib/tinyusb/src/common/tusb_fifo.c.obj
                0x10007178                tu_fifo_write_n
 .text.tu_fifo_clear
                0x10007278       0x4c CMakeFiles/flashlight.dir/C_/Users/PP_ju/pico-sdk/lib/tinyusb/src/common/tusb_fifo.c.obj
                0x10007278                tu_fifo_clear
 .text.tu_fifo_set_overwritable
                0x100072c4       0x3c CMakeFiles/flashlight.dir/C_/Users/PP_ju/pico-sdk/lib/tinyusb/src/common/tusb_fifo.c.obj
                0x100072c4                tu_fifo_set_overwritable
 .text.startup._retrieve_unique_id_on_boot
                0x10007300       0x10 CMakeFiles/flashlight.dir/C_/Users/PP_ju/pico-sdk/src/rp2_common/pico_unique_id/unique_id.c.obj
 .text.pico_get_unique_board_id_string
                0x10007310      0x1a8 CMakeFiles/flashlight.dir/C_/Users/PP_ju/pico-sdk/src/rp2_common/pico_unique_id/unique_id.c.obj
                0x10007310                pico_get_unique_board_id_string
 .text.flash_get_unique_id
                0x100074b8       0x40 CMakeFiles/flashlight.dir/C_/Users/PP_ju/pico-sdk/src/rp2_common/hardware_flash/flash.c.obj
                0x100074b8                flash_get_unique_id
 .text._calloc_r
                0x100074f8       0xa8 c:/progra~2/armgnu~1/1213fb~1.2mp/bin/../lib/gcc/arm-none-eabi/12.2.0/thumb/v6-m/nofp\libc.a(libc_a-callocr.o)
                0x100074f8                _calloc_r
 .text.malloc   0x100075a0       0x14 c:/progra~2/armgnu~1/1213fb~1.2mp/bin/../lib/gcc/arm-none-eabi/12.2.0/thumb/v6-m/nofp\libc.a(libc_a-malloc.o)
                0x100075a0                malloc
 .text.free     0x100075b4       0x14 c:/progra~2/armgnu~1/1213fb~1.2mp/bin/../lib/gcc/arm-none-eabi/12.2.0/thumb/v6-m/nofp\libc.a(libc_a-malloc.o)
                0x100075b4                free
 .text._malloc_r
                0x100075c8      0x55c c:/progra~2/armgnu~1/1213fb~1.2mp/bin/../lib/gcc/arm-none-eabi/12.2.0/thumb/v6-m/nofp\libc.a(libc_a-mallocr.o)
                0x100075c8                _malloc_r
 .text.__malloc_lock
                0x10007b24       0x10 c:/progra~2/armgnu~1/1213fb~1.2mp/bin/../lib/gcc/arm-none-eabi/12.2.0/thumb/v6-m/nofp\libc.a(libc_a-mlock.o)
                0x10007b24                __malloc_lock
 .text.__malloc_unlock
                0x10007b34       0x10 c:/progra~2/armgnu~1/1213fb~1.2mp/bin/../lib/gcc/arm-none-eabi/12.2.0/thumb/v6-m/nofp\libc.a(libc_a-mlock.o)
                0x10007b34                __malloc_unlock
 .text.realloc  0x10007b44       0x18 c:/progra~2/armgnu~1/1213fb~1.2mp/bin/../lib/gcc/arm-none-eabi/12.2.0/thumb/v6-m/nofp\libc.a(libc_a-realloc.o)
                0x10007b44                realloc
 .text._realloc_r
                0x10007b5c      0x3c8 c:/progra~2/armgnu~1/1213fb~1.2mp/bin/../lib/gcc/arm-none-eabi/12.2.0/thumb/v6-m/nofp\libc.a(libc_a-reallocr.o)
                0x10007b5c                _realloc_r
 .text.scanf    0x10007f24       0x24 c:/progra~2/armgnu~1/1213fb~1.2mp/bin/../lib/gcc/arm-none-eabi/12.2.0/thumb/v6-m/nofp\libc.a(libc_a-scanf.o)
                0x10007f24                scanf
 .text.memmove  0x10007f48       0xb0 c:/progra~2/armgnu~1/1213fb~1.2mp/bin/../lib/gcc/arm-none-eabi/12.2.0/thumb/v6-m/nofp\libc.a(libc_a-memmove.o)
                0x10007f48                memmove
 .text._sbrk_r  0x10007ff8       0x24 c:/progra~2/armgnu~1/1213fb~1.2mp/bin/../lib/gcc/arm-none-eabi/12.2.0/thumb/v6-m/nofp\libc.a(libc_a-sbrkr.o)
                0x10007ff8                _sbrk_r
 .text.__errno  0x1000801c        0xc c:/progra~2/armgnu~1/1213fb~1.2mp/bin/../lib/gcc/arm-none-eabi/12.2.0/thumb/v6-m/nofp\libc.a(libc_a-errno.o)
                0x1000801c                __errno
 .text.__retarget_lock_close_recursive
                0x10008028        0x4 c:/progra~2/armgnu~1/1213fb~1.2mp/bin/../lib/gcc/arm-none-eabi/12.2.0/thumb/v6-m/nofp\libc.a(libc_a-lock.o)
                0x10008028                __retarget_lock_close_recursive
 .text.__retarget_lock_acquire_recursive
                0x1000802c        0x4 c:/progra~2/armgnu~1/1213fb~1.2mp/bin/../lib/gcc/arm-none-eabi/12.2.0/thumb/v6-m/nofp\libc.a(libc_a-lock.o)
                0x1000802c                __retarget_lock_acquire_recursive
 .text.__retarget_lock_release_recursive
                0x10008030        0x4 c:/progra~2/armgnu~1/1213fb~1.2mp/bin/../lib/gcc/arm-none-eabi/12.2.0/thumb/v6-m/nofp\libc.a(libc_a-lock.o)
                0x10008030                __retarget_lock_release_recursive
 .text.strlen   0x10008034       0x5c c:/progra~2/armgnu~1/1213fb~1.2mp/bin/../lib/gcc/arm-none-eabi/12.2.0/thumb/v6-m/nofp\libc.a(libc_a-strlen-stub.o)
                0x10008034                strlen
 .text._malloc_trim_r
                0x10008090       0xa8 c:/progra~2/armgnu~1/1213fb~1.2mp/bin/../lib/gcc/arm-none-eabi/12.2.0/thumb/v6-m/nofp\libc.a(libc_a-freer.o)
                0x10008090                _malloc_trim_r
 .text._free_r  0x10008138      0x1c0 c:/progra~2/armgnu~1/1213fb~1.2mp/bin/../lib/gcc/arm-none-eabi/12.2.0/thumb/v6-m/nofp\libc.a(libc_a-freer.o)
                0x10008138                _free_r
 .text.__svfscanf_r
                0x100082f8     0x19d4 c:/progra~2/armgnu~1/1213fb~1.2mp/bin/../lib/gcc/arm-none-eabi/12.2.0/thumb/v6-m/nofp\libc.a(libc_a-vfscanf.o)
                0x100082f8                __svfscanf_r
 .text._vfscanf_r
                0x10009ccc       0x28 c:/progra~2/armgnu~1/1213fb~1.2mp/bin/../lib/gcc/arm-none-eabi/12.2.0/thumb/v6-m/nofp\libc.a(libc_a-vfscanf.o)
                0x10009ccc                _vfscanf_r
 .text.stdio_exit_handler
                0x10009cf4       0x1c c:/progra~2/armgnu~1/1213fb~1.2mp/bin/../lib/gcc/arm-none-eabi/12.2.0/thumb/v6-m/nofp\libc.a(libc_a-findfp.o)
 .text.cleanup_stdio
                0x10009d10       0x3c c:/progra~2/armgnu~1/1213fb~1.2mp/bin/../lib/gcc/arm-none-eabi/12.2.0/thumb/v6-m/nofp\libc.a(libc_a-findfp.o)
 .text.global_stdio_init.part.0
                0x10009d4c       0xfc c:/progra~2/armgnu~1/1213fb~1.2mp/bin/../lib/gcc/arm-none-eabi/12.2.0/thumb/v6-m/nofp\libc.a(libc_a-findfp.o)
 .text.__sinit  0x10009e48       0x38 c:/progra~2/armgnu~1/1213fb~1.2mp/bin/../lib/gcc/arm-none-eabi/12.2.0/thumb/v6-m/nofp\libc.a(libc_a-findfp.o)
                0x10009e48                __sinit
 .text.__sfp_lock_acquire
                0x10009e80       0x10 c:/progra~2/armgnu~1/1213fb~1.2mp/bin/../lib/gcc/arm-none-eabi/12.2.0/thumb/v6-m/nofp\libc.a(libc_a-findfp.o)
                0x10009e80                __sfp_lock_acquire
 .text.__sfp_lock_release
                0x10009e90       0x10 c:/progra~2/armgnu~1/1213fb~1.2mp/bin/../lib/gcc/arm-none-eabi/12.2.0/thumb/v6-m/nofp\libc.a(libc_a-findfp.o)
                0x10009e90                __sfp_lock_release
 .text._fread_r
                0x10009ea0      0x1d4 c:/progra~2/armgnu~1/1213fb~1.2mp/bin/../lib/gcc/arm-none-eabi/12.2.0/thumb/v6-m/nofp\libc.a(libc_a-fread.o)
                0x10009ea0                _fread_r
 .text._fwalk_sglue
                0x1000a074       0x44 c:/progra~2/armgnu~1/1213fb~1.2mp/bin/../lib/gcc/arm-none-eabi/12.2.0/thumb/v6-m/nofp\libc.a(libc_a-fwalk.o)
                0x1000a074                _fwalk_sglue
 .text.lflush   0x1000a0b8       0x20 c:/progra~2/armgnu~1/1213fb~1.2mp/bin/../lib/gcc/arm-none-eabi/12.2.0/thumb/v6-m/nofp\libc.a(libc_a-refill.o)
 .text.__srefill_r
                0x1000a0d8      0x118 c:/progra~2/armgnu~1/1213fb~1.2mp/bin/../lib/gcc/arm-none-eabi/12.2.0/thumb/v6-m/nofp\libc.a(libc_a-refill.o)
                0x1000a0d8                __srefill_r
 .text.__sccl   0x1000a1f0       0x80 c:/progra~2/armgnu~1/1213fb~1.2mp/bin/../lib/gcc/arm-none-eabi/12.2.0/thumb/v6-m/nofp\libc.a(libc_a-sccl.o)
                0x1000a1f0                __sccl
 .text.__sread  0x1000a270       0x28 c:/progra~2/armgnu~1/1213fb~1.2mp/bin/../lib/gcc/arm-none-eabi/12.2.0/thumb/v6-m/nofp\libc.a(libc_a-stdio.o)
                0x1000a270                __sread
 .text.__swrite
                0x1000a298       0x40 c:/progra~2/armgnu~1/1213fb~1.2mp/bin/../lib/gcc/arm-none-eabi/12.2.0/thumb/v6-m/nofp\libc.a(libc_a-stdio.o)
                0x1000a298                __swrite
 .text.__sseek  0x1000a2d8       0x30 c:/progra~2/armgnu~1/1213fb~1.2mp/bin/../lib/gcc/arm-none-eabi/12.2.0/thumb/v6-m/nofp\libc.a(libc_a-stdio.o)
                0x1000a2d8                __sseek
 .text.__sclose
                0x1000a308        0xc c:/progra~2/armgnu~1/1213fb~1.2mp/bin/../lib/gcc/arm-none-eabi/12.2.0/thumb/v6-m/nofp\libc.a(libc_a-stdio.o)
                0x1000a308                __sclose
 .text.__submore
                0x1000a314       0x84 c:/progra~2/armgnu~1/1213fb~1.2mp/bin/../lib/gcc/arm-none-eabi/12.2.0/thumb/v6-m/nofp\libc.a(libc_a-ungetc.o)
                0x1000a314                __submore
 .text._ungetc_r
                0x1000a398      0x130 c:/progra~2/armgnu~1/1213fb~1.2mp/bin/../lib/gcc/arm-none-eabi/12.2.0/thumb/v6-m/nofp\libc.a(libc_a-ungetc.o)
                0x1000a398                _ungetc_r
 .text.stpncpy  0x1000a4c8       0x70 c:/progra~2/armgnu~1/1213fb~1.2mp/bin/../lib/gcc/arm-none-eabi/12.2.0/thumb/v6-m/nofp\libc.a(libc_a-stpncpy.o)
                0x1000a4c8                stpncpy
 .text.__locale_mb_cur_max
                0x1000a538       0x10 c:/progra~2/armgnu~1/1213fb~1.2mp/bin/../lib/gcc/arm-none-eabi/12.2.0/thumb/v6-m/nofp\libc.a(libc_a-locale.o)
                0x1000a538                __locale_mb_cur_max
 .text._localeconv_r
                0x1000a548        0x8 c:/progra~2/armgnu~1/1213fb~1.2mp/bin/../lib/gcc/arm-none-eabi/12.2.0/thumb/v6-m/nofp\libc.a(libc_a-localeconv.o)
                0x1000a548                _localeconv_r
 .text._close_r
                0x1000a550       0x24 c:/progra~2/armgnu~1/1213fb~1.2mp/bin/../lib/gcc/arm-none-eabi/12.2.0/thumb/v6-m/nofp\libc.a(libc_a-closer.o)
                0x1000a550                _close_r
 .text._lseek_r
                0x1000a574       0x28 c:/progra~2/armgnu~1/1213fb~1.2mp/bin/../lib/gcc/arm-none-eabi/12.2.0/thumb/v6-m/nofp\libc.a(libc_a-lseekr.o)
                0x1000a574                _lseek_r
 .text._read_r  0x1000a59c       0x28 c:/progra~2/armgnu~1/1213fb~1.2mp/bin/../lib/gcc/arm-none-eabi/12.2.0/thumb/v6-m/nofp\libc.a(libc_a-readr.o)
                0x1000a59c                _read_r
 .text._write_r
                0x1000a5c4       0x28 c:/progra~2/armgnu~1/1213fb~1.2mp/bin/../lib/gcc/arm-none-eabi/12.2.0/thumb/v6-m/nofp\libc.a(libc_a-writer.o)
                0x1000a5c4                _write_r
 .text          0x1000a5ec       0x88 c:/progra~2/armgnu~1/1213fb~1.2mp/bin/../lib/gcc/arm-none-eabi/12.2.0/thumb/v6-m/nofp\libc.a(libc_a-strcmp.o)
                0x1000a5ec                strcmp
 .text.nanf     0x1000a674        0x8 c:/progra~2/armgnu~1/1213fb~1.2mp/bin/../lib/gcc/arm-none-eabi/12.2.0/thumb/v6-m/nofp\libc.a(libm_a-sf_nan.o)
                0x1000a674                nanf
 .text.__ascii_mbtowc
                0x1000a67c       0x2c c:/progra~2/armgnu~1/1213fb~1.2mp/bin/../lib/gcc/arm-none-eabi/12.2.0/thumb/v6-m/nofp\libc.a(libc_a-mbtowc_r.o)
                0x1000a67c                __ascii_mbtowc
 .text.sulp     0x1000a6a8       0x30 c:/progra~2/armgnu~1/1213fb~1.2mp/bin/../lib/gcc/arm-none-eabi/12.2.0/thumb/v6-m/nofp\libc.a(libc_a-strtod.o)
 .text._strtod_l
                0x1000a6d8      0xef0 c:/progra~2/armgnu~1/1213fb~1.2mp/bin/../lib/gcc/arm-none-eabi/12.2.0/thumb/v6-m/nofp\libc.a(libc_a-strtod.o)
                0x1000a6d8                _strtod_l
 .text._strtod_r
                0x1000b5c8       0x10 c:/progra~2/armgnu~1/1213fb~1.2mp/bin/../lib/gcc/arm-none-eabi/12.2.0/thumb/v6-m/nofp\libc.a(libc_a-strtod.o)
                0x1000b5c8                _strtod_r
 .text._strtol_l.constprop.0
                0x1000b5d8      0x158 c:/progra~2/armgnu~1/1213fb~1.2mp/bin/../lib/gcc/arm-none-eabi/12.2.0/thumb/v6-m/nofp\libc.a(libc_a-strtol.o)
 .text._strtol_r
                0x1000b730        0x8 c:/progra~2/armgnu~1/1213fb~1.2mp/bin/../lib/gcc/arm-none-eabi/12.2.0/thumb/v6-m/nofp\libc.a(libc_a-strtol.o)
                0x1000b730                _strtol_r
 .text._strtoul_l.constprop.0
                0x1000b738      0x144 c:/progra~2/armgnu~1/1213fb~1.2mp/bin/../lib/gcc/arm-none-eabi/12.2.0/thumb/v6-m/nofp\libc.a(libc_a-strtoul.o)
 .text._strtoul_r
                0x1000b87c        0x8 c:/progra~2/armgnu~1/1213fb~1.2mp/bin/../lib/gcc/arm-none-eabi/12.2.0/thumb/v6-m/nofp\libc.a(libc_a-strtoul.o)
                0x1000b87c                _strtoul_r
 .text.__ascii_wctomb
                0x1000b884       0x1c c:/progra~2/armgnu~1/1213fb~1.2mp/bin/../lib/gcc/arm-none-eabi/12.2.0/thumb/v6-m/nofp\libc.a(libc_a-wctomb_r.o)
                0x1000b884                __ascii_wctomb
 .text._strtoll_l.constprop.0
                0x1000b8a0      0x1a0 c:/progra~2/armgnu~1/1213fb~1.2mp/bin/../lib/gcc/arm-none-eabi/12.2.0/thumb/v6-m/nofp\libc.a(libc_a-strtoll.o)
 .text._strtoll_r
                0x1000ba40        0x8 c:/progra~2/armgnu~1/1213fb~1.2mp/bin/../lib/gcc/arm-none-eabi/12.2.0/thumb/v6-m/nofp\libc.a(libc_a-strtoll.o)
                0x1000ba40                _strtoll_r
 .text._strtoull_l.constprop.0
                0x1000ba48      0x1c4 c:/progra~2/armgnu~1/1213fb~1.2mp/bin/../lib/gcc/arm-none-eabi/12.2.0/thumb/v6-m/nofp\libc.a(libc_a-strtoull.o)
 .text._strtoull_r
                0x1000bc0c        0x8 c:/progra~2/armgnu~1/1213fb~1.2mp/bin/../lib/gcc/arm-none-eabi/12.2.0/thumb/v6-m/nofp\libc.a(libc_a-strtoull.o)
                0x1000bc0c                _strtoull_r
 .text._mbrtowc_r
                0x1000bc14       0x54 c:/progra~2/armgnu~1/1213fb~1.2mp/bin/../lib/gcc/arm-none-eabi/12.2.0/thumb/v6-m/nofp\libc.a(libc_a-mbrtowc.o)
                0x1000bc14                _mbrtowc_r
 .text.iswspace
                0x1000bc68        0xc c:/progra~2/armgnu~1/1213fb~1.2mp/bin/../lib/gcc/arm-none-eabi/12.2.0/thumb/v6-m/nofp\libc.a(libc_a-iswspace.o)
                0x1000bc68                iswspace
 .text.iswspace_l
                0x1000bc74       0x24 c:/progra~2/armgnu~1/1213fb~1.2mp/bin/../lib/gcc/arm-none-eabi/12.2.0/thumb/v6-m/nofp\libc.a(libc_a-iswspace_l.o)
                0x1000bc74                iswspace_l
 .text.__jp2uc  0x1000bc98      0x160 c:/progra~2/armgnu~1/1213fb~1.2mp/bin/../lib/gcc/arm-none-eabi/12.2.0/thumb/v6-m/nofp\libc.a(libc_a-jp2uc.o)
 .text._jp2uc_l
                0x1000bdf8       0x68 c:/progra~2/armgnu~1/1213fb~1.2mp/bin/../lib/gcc/arm-none-eabi/12.2.0/thumb/v6-m/nofp\libc.a(libc_a-jp2uc.o)
                0x1000bdf8                _jp2uc_l
 .text._fclose_r
                0x1000be60       0xd0 c:/progra~2/armgnu~1/1213fb~1.2mp/bin/../lib/gcc/arm-none-eabi/12.2.0/thumb/v6-m/nofp\libc.a(libc_a-fclose.o)
                0x1000be60                _fclose_r
 .text.__sflush_r
                0x1000bf30      0x148 c:/progra~2/armgnu~1/1213fb~1.2mp/bin/../lib/gcc/arm-none-eabi/12.2.0/thumb/v6-m/nofp\libc.a(libc_a-fflush.o)
                0x1000bf30                __sflush_r
 .text._fflush_r
                0x1000c078       0x68 c:/progra~2/armgnu~1/1213fb~1.2mp/bin/../lib/gcc/arm-none-eabi/12.2.0/thumb/v6-m/nofp\libc.a(libc_a-fflush.o)
                0x1000c078                _fflush_r
 .text.__smakebuf_r
                0x1000c0e0       0xe0 c:/progra~2/armgnu~1/1213fb~1.2mp/bin/../lib/gcc/arm-none-eabi/12.2.0/thumb/v6-m/nofp\libc.a(libc_a-makebuf.o)
                0x1000c0e0                __smakebuf_r
 .text.strncmp  0x1000c1c0       0x68 c:/progra~2/armgnu~1/1213fb~1.2mp/bin/../lib/gcc/arm-none-eabi/12.2.0/thumb/v6-m/nofp\libc.a(libc_a-strncmp.o)
                0x1000c1c0                strncmp
 .text._fstat_r
                0x1000c228       0x28 c:/progra~2/armgnu~1/1213fb~1.2mp/bin/../lib/gcc/arm-none-eabi/12.2.0/thumb/v6-m/nofp\libc.a(libc_a-fstatr.o)
                0x1000c228                _fstat_r
 .text._isatty_r
                0x1000c250       0x24 c:/progra~2/armgnu~1/1213fb~1.2mp/bin/../lib/gcc/arm-none-eabi/12.2.0/thumb/v6-m/nofp\libc.a(libc_a-isattyr.o)
                0x1000c250                _isatty_r
 .text.nan      0x1000c274        0xc c:/progra~2/armgnu~1/1213fb~1.2mp/bin/../lib/gcc/arm-none-eabi/12.2.0/thumb/v6-m/nofp\libc.a(libm_a-s_nan.o)
                0x1000c274                nan
 .text.rshift   0x1000c280       0xb0 c:/progra~2/armgnu~1/1213fb~1.2mp/bin/../lib/gcc/arm-none-eabi/12.2.0/thumb/v6-m/nofp\libc.a(libc_a-gdtoa-gethex.o)
 .text.__gethex
                0x1000c330      0x5a0 c:/progra~2/armgnu~1/1213fb~1.2mp/bin/../lib/gcc/arm-none-eabi/12.2.0/thumb/v6-m/nofp\libc.a(libc_a-gdtoa-gethex.o)
                0x1000c330                __gethex
 .text.__match  0x1000c8d0       0x2c c:/progra~2/armgnu~1/1213fb~1.2mp/bin/../lib/gcc/arm-none-eabi/12.2.0/thumb/v6-m/nofp\libc.a(libc_a-gdtoa-hexnan.o)
                0x1000c8d0                __match
 .text.__hexnan
                0x1000c8fc      0x204 c:/progra~2/armgnu~1/1213fb~1.2mp/bin/../lib/gcc/arm-none-eabi/12.2.0/thumb/v6-m/nofp\libc.a(libc_a-gdtoa-hexnan.o)
                0x1000c8fc                __hexnan
 .text._Balloc  0x1000cb00       0x50 c:/progra~2/armgnu~1/1213fb~1.2mp/bin/../lib/gcc/arm-none-eabi/12.2.0/thumb/v6-m/nofp\libc.a(libc_a-mprec.o)
                0x1000cb00                _Balloc
 .text._Bfree   0x1000cb50       0x14 c:/progra~2/armgnu~1/1213fb~1.2mp/bin/../lib/gcc/arm-none-eabi/12.2.0/thumb/v6-m/nofp\libc.a(libc_a-mprec.o)
                0x1000cb50                _Bfree
 .text.__multadd
                0x1000cb64       0xa8 c:/progra~2/armgnu~1/1213fb~1.2mp/bin/../lib/gcc/arm-none-eabi/12.2.0/thumb/v6-m/nofp\libc.a(libc_a-mprec.o)
                0x1000cb64                __multadd
 .text.__s2b    0x1000cc0c       0xb0 c:/progra~2/armgnu~1/1213fb~1.2mp/bin/../lib/gcc/arm-none-eabi/12.2.0/thumb/v6-m/nofp\libc.a(libc_a-mprec.o)
                0x1000cc0c                __s2b
 .text.__hi0bits
                0x1000ccbc       0x4c c:/progra~2/armgnu~1/1213fb~1.2mp/bin/../lib/gcc/arm-none-eabi/12.2.0/thumb/v6-m/nofp\libc.a(libc_a-mprec.o)
                0x1000ccbc                __hi0bits
 .text.__lo0bits
                0x1000cd08       0x5c c:/progra~2/armgnu~1/1213fb~1.2mp/bin/../lib/gcc/arm-none-eabi/12.2.0/thumb/v6-m/nofp\libc.a(libc_a-mprec.o)
                0x1000cd08                __lo0bits
 .text.__i2b    0x1000cd64       0x60 c:/progra~2/armgnu~1/1213fb~1.2mp/bin/../lib/gcc/arm-none-eabi/12.2.0/thumb/v6-m/nofp\libc.a(libc_a-mprec.o)
                0x1000cd64                __i2b
 .text.__multiply
                0x1000cdc4      0x1b0 c:/progra~2/armgnu~1/1213fb~1.2mp/bin/../lib/gcc/arm-none-eabi/12.2.0/thumb/v6-m/nofp\libc.a(libc_a-mprec.o)
                0x1000cdc4                __multiply
 .text.__pow5mult
                0x1000cf74       0xd0 c:/progra~2/armgnu~1/1213fb~1.2mp/bin/../lib/gcc/arm-none-eabi/12.2.0/thumb/v6-m/nofp\libc.a(libc_a-mprec.o)
                0x1000cf74                __pow5mult
 .text.__lshift
                0x1000d044       0xfc c:/progra~2/armgnu~1/1213fb~1.2mp/bin/../lib/gcc/arm-none-eabi/12.2.0/thumb/v6-m/nofp\libc.a(libc_a-mprec.o)
                0x1000d044                __lshift
 .text.__mcmp   0x1000d140       0x3c c:/progra~2/armgnu~1/1213fb~1.2mp/bin/../lib/gcc/arm-none-eabi/12.2.0/thumb/v6-m/nofp\libc.a(libc_a-mprec.o)
                0x1000d140                __mcmp
 .text.__mdiff  0x1000d17c      0x1a4 c:/progra~2/armgnu~1/1213fb~1.2mp/bin/../lib/gcc/arm-none-eabi/12.2.0/thumb/v6-m/nofp\libc.a(libc_a-mprec.o)
                0x1000d17c                __mdiff
 .text.__ulp    0x1000d320       0x40 c:/progra~2/armgnu~1/1213fb~1.2mp/bin/../lib/gcc/arm-none-eabi/12.2.0/thumb/v6-m/nofp\libc.a(libc_a-mprec.o)
                0x1000d320                __ulp
 .text.__b2d    0x1000d360       0xc0 c:/progra~2/armgnu~1/1213fb~1.2mp/bin/../lib/gcc/arm-none-eabi/12.2.0/thumb/v6-m/nofp\libc.a(libc_a-mprec.o)
                0x1000d360                __b2d
 .text.__d2b    0x1000d420       0xd0 c:/progra~2/armgnu~1/1213fb~1.2mp/bin/../lib/gcc/arm-none-eabi/12.2.0/thumb/v6-m/nofp\libc.a(libc_a-mprec.o)
                0x1000d420                __d2b
 .text.__ratio  0x1000d4f0       0x68 c:/progra~2/armgnu~1/1213fb~1.2mp/bin/../lib/gcc/arm-none-eabi/12.2.0/thumb/v6-m/nofp\libc.a(libc_a-mprec.o)
                0x1000d4f0                __ratio
 .text.__copybits
                0x1000d558       0x40 c:/progra~2/armgnu~1/1213fb~1.2mp/bin/../lib/gcc/arm-none-eabi/12.2.0/thumb/v6-m/nofp\libc.a(libc_a-mprec.o)
                0x1000d558                __copybits
 .text.__any_on
                0x1000d598       0x54 c:/progra~2/armgnu~1/1213fb~1.2mp/bin/../lib/gcc/arm-none-eabi/12.2.0/thumb/v6-m/nofp\libc.a(libc_a-mprec.o)
                0x1000d598                __any_on
 .text.category
                0x1000d5ec       0x50 c:/progra~2/armgnu~1/1213fb~1.2mp/bin/../lib/gcc/arm-none-eabi/12.2.0/thumb/v6-m/nofp\libc.a(libc_a-categories.o)
                0x1000d5ec                category
 .text._close   0x1000d63c       0x10 c:/progra~2/armgnu~1/1213fb~1.2mp/bin/../lib/gcc/arm-none-eabi/12.2.0/thumb/v6-m/nofp\libnosys.a(close.o)
                0x1000d63c                _close
 .text._fstat   0x1000d64c       0x10 c:/progra~2/armgnu~1/1213fb~1.2mp/bin/../lib/gcc/arm-none-eabi/12.2.0/thumb/v6-m/nofp\libnosys.a(fstat.o)
                0x1000d64c                _fstat
 .text._isatty  0x1000d65c       0x10 c:/progra~2/armgnu~1/1213fb~1.2mp/bin/../lib/gcc/arm-none-eabi/12.2.0/thumb/v6-m/nofp\libnosys.a(isatty.o)
                0x1000d65c                _isatty
 .text._lseek   0x1000d66c       0x10 c:/progra~2/armgnu~1/1213fb~1.2mp/bin/../lib/gcc/arm-none-eabi/12.2.0/thumb/v6-m/nofp\libnosys.a(lseek.o)
                0x1000d66c                _lseek
 *(.fini)
 .fini          0x1000d67c        0x4 c:/progra~2/armgnu~1/1213fb~1.2mp/bin/../lib/gcc/arm-none-eabi/12.2.0/thumb/v6-m/nofp/crti.o
                0x1000d67c                _fini
 .fini.__stub   0x1000d680       0x70 linker stubs
 *crtbegin.o(.ctors)
 *crtbegin?.o(.ctors)
 *(EXCLUDE_FILE(*crtend.o *crtend?.o) .ctors)
 *(SORT_BY_NAME(.ctors.*))
 *(.ctors)
 *crtbegin.o(.dtors)
 *crtbegin?.o(.dtors)
 *(EXCLUDE_FILE(*crtend.o *crtend?.o) .dtors)
 *(SORT_BY_NAME(.dtors.*))
 *(.dtors)
 *(.eh_frame*)
 .eh_frame      0x1000d6f0        0x0 c:/progra~2/armgnu~1/1213fb~1.2mp/bin/../lib/gcc/arm-none-eabi/12.2.0/thumb/v6-m/nofp/crtbegin.o
                0x1000d6f0                        . = ALIGN (0x4)

.glue_7         0x1000d6f0        0x0
 .glue_7        0x1000d6f0        0x0 linker stubs

.glue_7t        0x1000d6f0        0x0
 .glue_7t       0x1000d6f0        0x0 linker stubs

.vfp11_veneer   0x1000d6f0        0x0
 .vfp11_veneer  0x1000d6f0        0x0 linker stubs

.v4_bx          0x1000d6f0        0x0
 .v4_bx         0x1000d6f0        0x0 linker stubs

.iplt           0x1000d6f0        0x0
 .iplt          0x1000d6f0        0x0 c:/progra~2/armgnu~1/1213fb~1.2mp/bin/../lib/gcc/arm-none-eabi/12.2.0/thumb/v6-m/nofp/crtbegin.o

.rodata         0x1000d6f0     0x7940
 *(EXCLUDE_FILE(*libm.a: *libc.a:*lib_a-mem*.o *libgcc.a:) .rodata*)
 .rodata.funcInput.str1.4
                0x1000d6f0       0x4b CMakeFiles/flashlight.dir/main.c.obj
                                 0x4f (size before relaxing)
 *fill*         0x1000d73b        0x1 
 .rodata.funcDisplay.str1.4
                0x1000d73c        0xf CMakeFiles/flashlight.dir/main.c.obj
 *fill*         0x1000d74b        0x1 
 .rodata.funcRead.str1.4
                0x1000d74c       0x17 CMakeFiles/flashlight.dir/main.c.obj
 *fill*         0x1000d763        0x1 
 .rodata.funcWrite.str1.4
                0x1000d764       0x19 CMakeFiles/flashlight.dir/main.c.obj
 *fill*         0x1000d77d        0x3 
 .rodata.spin_lock_claim_unused.str1.4
                0x1000d780       0x1b CMakeFiles/flashlight.dir/C_/Users/PP_ju/pico-sdk/src/rp2_common/hardware_sync/sync.c.obj
 *fill*         0x1000d79b        0x1 
 .rodata.user_irq_claim_unused.str1.4
                0x1000d79c       0x1b CMakeFiles/flashlight.dir/C_/Users/PP_ju/pico-sdk/src/rp2_common/hardware_irq/irq.c.obj
 *fill*         0x1000d7b7        0x1 
 .rodata.at_the_end_of_time
                0x1000d7b8        0x8 CMakeFiles/flashlight.dir/C_/Users/PP_ju/pico-sdk/src/common/pico_time/time.c.obj
                0x1000d7b8                at_the_end_of_time
 .rodata.hardware_alarm_claim.str1.4
                0x1000d7c0       0x22 CMakeFiles/flashlight.dir/C_/Users/PP_ju/pico-sdk/src/rp2_common/hardware_timer/timer.c.obj
 *fill*         0x1000d7e2        0x2 
 .rodata.__assert_func.str1.4
                0x1000d7e4       0x3f CMakeFiles/flashlight.dir/C_/Users/PP_ju/pico-sdk/src/rp2_common/pico_runtime/runtime.c.obj
                                 0x43 (size before relaxing)
 *fill*         0x1000d823        0x1 
 .rodata.panic.str1.4
                0x1000d824       0x12 CMakeFiles/flashlight.dir/C_/Users/PP_ju/pico-sdk/src/rp2_common/pico_runtime/runtime.c.obj
 *fill*         0x1000d836        0x2 
 .rodata.hard_assertion_failure.str1.4
                0x1000d838        0xc CMakeFiles/flashlight.dir/C_/Users/PP_ju/pico-sdk/src/rp2_common/pico_runtime/runtime.c.obj
 .rodata._ftoa.str1.4
                0x1000d844       0x15 CMakeFiles/flashlight.dir/C_/Users/PP_ju/pico-sdk/src/rp2_common/pico_printf/printf.c.obj
 *fill*         0x1000d859        0x3 
 .rodata._vsnprintf
                0x1000d85c      0x19c CMakeFiles/flashlight.dir/C_/Users/PP_ju/pico-sdk/src/rp2_common/pico_printf/printf.c.obj
 .rodata.pow10.0
                0x1000d9f8       0x50 CMakeFiles/flashlight.dir/C_/Users/PP_ju/pico-sdk/src/rp2_common/pico_printf/printf.c.obj
 .rodata.__wrap_malloc.str1.4
                0x1000da48        0xe CMakeFiles/flashlight.dir/C_/Users/PP_ju/pico-sdk/src/rp2_common/pico_malloc/pico_malloc.c.obj
 *fill*         0x1000da56        0x2 
 .rodata.str1.4
                0x1000da58       0x40 CMakeFiles/flashlight.dir/C_/Users/PP_ju/pico-sdk/src/rp2_common/pico_standard_link/binary_info.c.obj
 .rodata.__bi_81
                0x1000da98        0xc CMakeFiles/flashlight.dir/C_/Users/PP_ju/pico-sdk/src/rp2_common/pico_standard_link/binary_info.c.obj
 .rodata.__bi_75
                0x1000daa4        0xc CMakeFiles/flashlight.dir/C_/Users/PP_ju/pico-sdk/src/rp2_common/pico_standard_link/binary_info.c.obj
 .rodata.__bi_44
                0x1000dab0        0xc CMakeFiles/flashlight.dir/C_/Users/PP_ju/pico-sdk/src/rp2_common/pico_standard_link/binary_info.c.obj
 .rodata.crlf_str.0
                0x1000dabc        0x2 CMakeFiles/flashlight.dir/C_/Users/PP_ju/pico-sdk/src/rp2_common/pico_stdio/stdio.c.obj
 *fill*         0x1000dabe        0x2 
 .rodata._resetd_driver
                0x1000dac0       0x18 CMakeFiles/flashlight.dir/C_/Users/PP_ju/pico-sdk/src/rp2_common/pico_stdio_usb/reset_interface.c.obj
 .rodata.str1.4
                0x1000dad8       0x13 CMakeFiles/flashlight.dir/C_/Users/PP_ju/pico-sdk/src/rp2_common/pico_stdio_usb/stdio_usb.c.obj
 *fill*         0x1000daeb        0x1 
 .rodata.__bi_118.0
                0x1000daec        0xc CMakeFiles/flashlight.dir/C_/Users/PP_ju/pico-sdk/src/rp2_common/pico_stdio_usb/stdio_usb.c.obj
 .rodata.str1.4
                0x1000daf8       0x2a CMakeFiles/flashlight.dir/C_/Users/PP_ju/pico-sdk/src/rp2_common/pico_stdio_usb/stdio_usb_descriptors.c.obj
 *fill*         0x1000db22        0x2 
 .rodata.usbd_desc_str
                0x1000db24       0x18 CMakeFiles/flashlight.dir/C_/Users/PP_ju/pico-sdk/src/rp2_common/pico_stdio_usb/stdio_usb_descriptors.c.obj
 .rodata.usbd_desc_cfg
                0x1000db3c       0x54 CMakeFiles/flashlight.dir/C_/Users/PP_ju/pico-sdk/src/rp2_common/pico_stdio_usb/stdio_usb_descriptors.c.obj
 .rodata.usbd_desc_device
                0x1000db90       0x12 CMakeFiles/flashlight.dir/C_/Users/PP_ju/pico-sdk/src/rp2_common/pico_stdio_usb/stdio_usb_descriptors.c.obj
 *fill*         0x1000dba2        0x2 
 .rodata.dcd_rp2040_irq.str1.4
                0x1000dba4       0x14 CMakeFiles/flashlight.dir/C_/Users/PP_ju/pico-sdk/lib/tinyusb/src/portable/raspberrypi/rp2040/dcd_rp2040.c.obj
 .rodata._hw_endpoint_buffer_control_update32.part.0.isra.0.str1.4
                0x1000dbb8       0x1f CMakeFiles/flashlight.dir/C_/Users/PP_ju/pico-sdk/lib/tinyusb/src/portable/raspberrypi/rp2040/rp2040_usb.c.obj
 *fill*         0x1000dbd7        0x1 
 .rodata.hw_endpoint_xfer_continue.str1.4
                0x1000dbd8       0x29 CMakeFiles/flashlight.dir/C_/Users/PP_ju/pico-sdk/lib/tinyusb/src/portable/raspberrypi/rp2040/rp2040_usb.c.obj
 *fill*         0x1000dc01        0x3 
 .rodata.str1.4
                0x1000dc04        0x7 CMakeFiles/flashlight.dir/C_/Users/PP_ju/pico-sdk/lib/tinyusb/src/portable/raspberrypi/rp2040/rp2040_usb.c.obj
 *fill*         0x1000dc0b        0x1 
 .rodata.tud_task
                0x1000dc0c       0x8c CMakeFiles/flashlight.dir/C_/Users/PP_ju/pico-sdk/lib/tinyusb/src/device/usbd.c.obj
 .rodata._usbd_driver
                0x1000dc98       0x18 CMakeFiles/flashlight.dir/C_/Users/PP_ju/pico-sdk/lib/tinyusb/src/device/usbd.c.obj
 .rodata.__svfscanf_r.str1.4
                0x1000dcb0        0x5 c:/progra~2/armgnu~1/1213fb~1.2mp/bin/../lib/gcc/arm-none-eabi/12.2.0/thumb/v6-m/nofp\libc.a(libc_a-vfscanf.o)
                                  0x9 (size before relaxing)
 *fill*         0x1000dcb5        0x3 
 .rodata.__svfscanf_r
                0x1000dcb8      0x3cc c:/progra~2/armgnu~1/1213fb~1.2mp/bin/../lib/gcc/arm-none-eabi/12.2.0/thumb/v6-m/nofp\libc.a(libc_a-vfscanf.o)
 .rodata.basefix.0
                0x1000e084       0x22 c:/progra~2/armgnu~1/1213fb~1.2mp/bin/../lib/gcc/arm-none-eabi/12.2.0/thumb/v6-m/nofp\libc.a(libc_a-vfscanf.o)
 *fill*         0x1000e0a6        0x2 
 .rodata.str1.4
                0x1000e0a8       0x48 c:/progra~2/armgnu~1/1213fb~1.2mp/bin/../lib/gcc/arm-none-eabi/12.2.0/thumb/v6-m/nofp\libc.a(libc_a-locale.o)
                                 0x4c (size before relaxing)
 .rodata._strtod_l.str1.4
                0x1000e0f0        0xf c:/progra~2/armgnu~1/1213fb~1.2mp/bin/../lib/gcc/arm-none-eabi/12.2.0/thumb/v6-m/nofp\libc.a(libc_a-strtod.o)
                                 0x15 (size before relaxing)
 *fill*         0x1000e0ff        0x1 
 .rodata._strtod_l
                0x1000e100       0xd0 c:/progra~2/armgnu~1/1213fb~1.2mp/bin/../lib/gcc/arm-none-eabi/12.2.0/thumb/v6-m/nofp\libc.a(libc_a-strtod.o)
 .rodata.fpinan.0
                0x1000e1d0       0x14 c:/progra~2/armgnu~1/1213fb~1.2mp/bin/../lib/gcc/arm-none-eabi/12.2.0/thumb/v6-m/nofp\libc.a(libc_a-strtod.o)
 .rodata.fpi.1  0x1000e1e4       0x14 c:/progra~2/armgnu~1/1213fb~1.2mp/bin/../lib/gcc/arm-none-eabi/12.2.0/thumb/v6-m/nofp\libc.a(libc_a-strtod.o)
 .rodata.tinytens
                0x1000e1f8       0x28 c:/progra~2/armgnu~1/1213fb~1.2mp/bin/../lib/gcc/arm-none-eabi/12.2.0/thumb/v6-m/nofp\libc.a(libc_a-strtod.o)
 .rodata._mbrtowc_r.str1.4
                0x1000e220        0x1 c:/progra~2/armgnu~1/1213fb~1.2mp/bin/../lib/gcc/arm-none-eabi/12.2.0/thumb/v6-m/nofp\libc.a(libc_a-mbrtowc.o)
 .rodata._ctype_
                0x1000e220      0x101 c:/progra~2/armgnu~1/1213fb~1.2mp/bin/../lib/gcc/arm-none-eabi/12.2.0/thumb/v6-m/nofp\libc.a(libc_a-ctype_.o)
                0x1000e220                _ctype_
 *fill*         0x1000e321        0x3 
 .rodata.__jp2uc
                0x1000e324       0x20 c:/progra~2/armgnu~1/1213fb~1.2mp/bin/../lib/gcc/arm-none-eabi/12.2.0/thumb/v6-m/nofp\libc.a(libc_a-jp2uc.o)
 .rodata._jp2uc_l.str1.4
                0x1000e344       0x12 c:/progra~2/armgnu~1/1213fb~1.2mp/bin/../lib/gcc/arm-none-eabi/12.2.0/thumb/v6-m/nofp\libc.a(libc_a-jp2uc.o)
 *fill*         0x1000e356        0x2 
 .rodata.d02f4  0x1000e358     0x1a7c c:/progra~2/armgnu~1/1213fb~1.2mp/bin/../lib/gcc/arm-none-eabi/12.2.0/thumb/v6-m/nofp\libc.a(libc_a-jp2uc.o)
 .rodata.b02cf  0x1000fdd4     0x172a c:/progra~2/armgnu~1/1213fb~1.2mp/bin/../lib/gcc/arm-none-eabi/12.2.0/thumb/v6-m/nofp\libc.a(libc_a-jp2uc.o)
 *fill*         0x100114fe        0x2 
 .rodata.a8     0x10011500       0x40 c:/progra~2/armgnu~1/1213fb~1.2mp/bin/../lib/gcc/arm-none-eabi/12.2.0/thumb/v6-m/nofp\libc.a(libc_a-jp2uc.o)
 .rodata.a7     0x10011540       0xa2 c:/progra~2/armgnu~1/1213fb~1.2mp/bin/../lib/gcc/arm-none-eabi/12.2.0/thumb/v6-m/nofp\libc.a(libc_a-jp2uc.o)
 *fill*         0x100115e2        0x2 
 .rodata.a6     0x100115e4       0x70 c:/progra~2/armgnu~1/1213fb~1.2mp/bin/../lib/gcc/arm-none-eabi/12.2.0/thumb/v6-m/nofp\libc.a(libc_a-jp2uc.o)
 .rodata.a3     0x10011654       0x5b c:/progra~2/armgnu~1/1213fb~1.2mp/bin/../lib/gcc/arm-none-eabi/12.2.0/thumb/v6-m/nofp\libc.a(libc_a-jp2uc.o)
 *fill*         0x100116af        0x1 
 .rodata.a2     0x100116b0       0xbc c:/progra~2/armgnu~1/1213fb~1.2mp/bin/../lib/gcc/arm-none-eabi/12.2.0/thumb/v6-m/nofp\libc.a(libc_a-jp2uc.o)
 .rodata.a1     0x1001176c       0xbc c:/progra~2/armgnu~1/1213fb~1.2mp/bin/../lib/gcc/arm-none-eabi/12.2.0/thumb/v6-m/nofp\libc.a(libc_a-jp2uc.o)
 .rodata.__gethex.str1.4
                0x10011828       0x7d c:/progra~2/armgnu~1/1213fb~1.2mp/bin/../lib/gcc/arm-none-eabi/12.2.0/thumb/v6-m/nofp\libc.a(libc_a-gdtoa-gethex.o)
                                 0x81 (size before relaxing)
 *fill*         0x100118a5        0x3 
 .rodata.__hexdig
                0x100118a8      0x100 c:/progra~2/armgnu~1/1213fb~1.2mp/bin/../lib/gcc/arm-none-eabi/12.2.0/thumb/v6-m/nofp\libc.a(libc_a-gdtoa-gethex.o)
                0x100118a8                __hexdig
 .rodata.__multadd.str1.4
                0x100119a8       0x62 c:/progra~2/armgnu~1/1213fb~1.2mp/bin/../lib/gcc/arm-none-eabi/12.2.0/thumb/v6-m/nofp\libc.a(libc_a-mprec.o)
                                 0x76 (size before relaxing)
 *fill*         0x10011a0a        0x2 
 .rodata.p05.0  0x10011a0c        0xc c:/progra~2/armgnu~1/1213fb~1.2mp/bin/../lib/gcc/arm-none-eabi/12.2.0/thumb/v6-m/nofp\libc.a(libc_a-mprec.o)
 .rodata.__mprec_bigtens
                0x10011a18       0x28 c:/progra~2/armgnu~1/1213fb~1.2mp/bin/../lib/gcc/arm-none-eabi/12.2.0/thumb/v6-m/nofp\libc.a(libc_a-mprec.o)
                0x10011a18                __mprec_bigtens
 .rodata.__mprec_tens
                0x10011a40       0xc8 c:/progra~2/armgnu~1/1213fb~1.2mp/bin/../lib/gcc/arm-none-eabi/12.2.0/thumb/v6-m/nofp\libc.a(libc_a-mprec.o)
                0x10011a40                __mprec_tens
 .rodata.categories
                0x10011b08     0x3528 c:/progra~2/armgnu~1/1213fb~1.2mp/bin/../lib/gcc/arm-none-eabi/12.2.0/thumb/v6-m/nofp\libc.a(libc_a-categories.o)
                0x10015030                        . = ALIGN (0x4)
 *(SORT_BY_ALIGNMENT(SORT_BY_NAME(.flashdata*)))
                0x10015030                        . = ALIGN (0x4)

.rel.dyn        0x10015030        0x0
 .rel.iplt      0x10015030        0x0 c:/progra~2/armgnu~1/1213fb~1.2mp/bin/../lib/gcc/arm-none-eabi/12.2.0/thumb/v6-m/nofp/crtbegin.o

.ARM.extab
 *(.ARM.extab* .gnu.linkonce.armextab.*)
                0x10015030                        __exidx_start = .

.ARM.exidx
 *(.ARM.exidx* .gnu.linkonce.armexidx.*)
                0x10015030                        __exidx_end = .
                0x10015030                        . = ALIGN (0x4)
                0x10015030                        __binary_info_start = .

.binary_info    0x10015030       0x20
 *(.binary_info.keep.*)
 .binary_info.keep.__bi_ptr81
                0x10015030        0x4 CMakeFiles/flashlight.dir/C_/Users/PP_ju/pico-sdk/src/rp2_common/pico_standard_link/binary_info.c.obj
 .binary_info.keep.__bi_ptr75
                0x10015034        0x4 CMakeFiles/flashlight.dir/C_/Users/PP_ju/pico-sdk/src/rp2_common/pico_standard_link/binary_info.c.obj
 .binary_info.keep.__bi_ptr50
                0x10015038        0x4 CMakeFiles/flashlight.dir/C_/Users/PP_ju/pico-sdk/src/rp2_common/pico_standard_link/binary_info.c.obj
 .binary_info.keep.__bi_ptr44
                0x1001503c        0x4 CMakeFiles/flashlight.dir/C_/Users/PP_ju/pico-sdk/src/rp2_common/pico_standard_link/binary_info.c.obj
 .binary_info.keep.__bi_ptr38
                0x10015040        0x4 CMakeFiles/flashlight.dir/C_/Users/PP_ju/pico-sdk/src/rp2_common/pico_standard_link/binary_info.c.obj
 .binary_info.keep.__bi_ptr30
                0x10015044        0x4 CMakeFiles/flashlight.dir/C_/Users/PP_ju/pico-sdk/src/rp2_common/pico_standard_link/binary_info.c.obj
 .binary_info.keep.__bi_ptr22
                0x10015048        0x4 CMakeFiles/flashlight.dir/C_/Users/PP_ju/pico-sdk/src/rp2_common/pico_standard_link/binary_info.c.obj
 *(.binary_info.*)
 .binary_info.__bi_ptr118
                0x1001504c        0x4 CMakeFiles/flashlight.dir/C_/Users/PP_ju/pico-sdk/src/rp2_common/pico_stdio_usb/stdio_usb.c.obj
                0x10015050                        __binary_info_end = .
                0x10015050                        . = ALIGN (0x4)
                0x10015050                        __etext = .

.ram_vector_table
                0x20000000       0xc0
 *(.ram_vector_table)
 .ram_vector_table
                0x20000000       0xc0 CMakeFiles/flashlight.dir/C_/Users/PP_ju/pico-sdk/src/rp2_common/pico_runtime/runtime.c.obj
                0x20000000                ram_vector_table

.data           0x200000c0      0xab0 load address 0x10015050
                0x200000c0                        __data_start__ = .
 *(vtable)
 *(.time_critical*)
 .time_critical.mutex_enter_blocking
                0x200000c0       0x48 CMakeFiles/flashlight.dir/C_/Users/PP_ju/pico-sdk/src/common/pico_sync/mutex.c.obj
                0x200000c0                mutex_enter_blocking
 .time_critical.mutex_try_enter
                0x20000108       0x40 CMakeFiles/flashlight.dir/C_/Users/PP_ju/pico-sdk/src/common/pico_sync/mutex.c.obj
                0x20000108                mutex_try_enter
 .time_critical.mutex_enter_timeout_ms
                0x20000148       0xa0 CMakeFiles/flashlight.dir/C_/Users/PP_ju/pico-sdk/src/common/pico_sync/mutex.c.obj
                0x20000148                mutex_enter_timeout_ms
 .time_critical.mutex_exit
                0x200001e8       0x28 CMakeFiles/flashlight.dir/C_/Users/PP_ju/pico-sdk/src/common/pico_sync/mutex.c.obj
                0x200001e8                mutex_exit
 .time_critical.flash_init_boot2_copyout
                0x20000210       0x30 CMakeFiles/flashlight.dir/C_/Users/PP_ju/pico-sdk/src/rp2_common/hardware_flash/flash.c.obj
 .time_critical.flash_enable_xip_via_boot2
                0x20000240        0xc CMakeFiles/flashlight.dir/C_/Users/PP_ju/pico-sdk/src/rp2_common/hardware_flash/flash.c.obj
 .time_critical.flash_cs_force
                0x2000024c       0x38 CMakeFiles/flashlight.dir/C_/Users/PP_ju/pico-sdk/src/rp2_common/hardware_flash/flash.c.obj
 .time_critical.flash_do_cmd
                0x20000284       0xc0 CMakeFiles/flashlight.dir/C_/Users/PP_ju/pico-sdk/src/rp2_common/hardware_flash/flash.c.obj
                0x20000284                flash_do_cmd
 *(.text*)
 .text          0x20000344        0x4 c:/progra~2/armgnu~1/1213fb~1.2mp/bin/../lib/gcc/arm-none-eabi/12.2.0/thumb/v6-m/nofp\libgcc.a(_dvmd_tls.o)
                0x20000344                __aeabi_idiv0
                0x20000344                __aeabi_ldiv0
 .text.__stub   0x20000348       0x30 linker stubs
                0x20000378                        . = ALIGN (0x4)
 *(.rodata*)
                0x20000378                        . = ALIGN (0x4)
 *(.data*)
 .data.__table  0x20000378       0x48 CMakeFiles/flashlight.dir/main.c.obj
                0x20000378                __table
 .data.event    0x200003c0        0x1 CMakeFiles/flashlight.dir/main.c.obj
                0x200003c0                event
 .data.striped_spin_lock_num
                0x200003c1        0x1 CMakeFiles/flashlight.dir/C_/Users/PP_ju/pico-sdk/src/rp2_common/hardware_sync/sync.c.obj
 *fill*         0x200003c2        0x2 
 .data          0x200003c4       0x48 CMakeFiles/flashlight.dir/C_/Users/PP_ju/pico-sdk/src/rp2_common/hardware_irq/irq_handler_chain.S.obj
                0x200003c4                irq_handler_chain_slots
                0x200003f4                irq_handler_chain_first_slot
                0x200003fe                irq_handler_chain_remove_tail
 .data.default_alarm_pool
                0x2000040c       0x18 CMakeFiles/flashlight.dir/C_/Users/PP_ju/pico-sdk/src/common/pico_time/time.c.obj
 .data.default_alarm_pool_heap
                0x20000424       0x10 CMakeFiles/flashlight.dir/C_/Users/PP_ju/pico-sdk/src/common/pico_time/time.c.obj
 *fill*         0x20000434        0xc 
 .data.aeabi_bits_funcs
                0x20000440       0x10 CMakeFiles/flashlight.dir/C_/Users/PP_ju/pico-sdk/src/rp2_common/pico_bit_ops/bit_ops_aeabi.S.obj
                0x20000440                aeabi_bits_funcs
                0x20000450                aeabi_bits_funcs_end
 .data.aeabi_mem_funcs
                0x20000450       0x10 CMakeFiles/flashlight.dir/C_/Users/PP_ju/pico-sdk/src/rp2_common/pico_mem_ops/mem_ops_aeabi.S.obj
                0x20000450                aeabi_mem_funcs
                0x20000460                aeabi_mem_funcs_end
 .data.stdio_usb
                0x20000460       0x14 CMakeFiles/flashlight.dir/C_/Users/PP_ju/pico-sdk/src/rp2_common/pico_stdio_usb/stdio_usb.c.obj
                0x20000460                stdio_usb
 .data.ep_dir_string
                0x20000474        0x8 CMakeFiles/flashlight.dir/C_/Users/PP_ju/pico-sdk/lib/tinyusb/src/portable/raspberrypi/rp2040/rp2040_usb.c.obj
                0x20000474                ep_dir_string
 .data._usbd_qdef
                0x2000047c       0x24 CMakeFiles/flashlight.dir/C_/Users/PP_ju/pico-sdk/lib/tinyusb/src/device/usbd.c.obj
                0x2000047c                _usbd_qdef
 .data.__malloc_sbrk_base
                0x200004a0        0x4 c:/progra~2/armgnu~1/1213fb~1.2mp/bin/../lib/gcc/arm-none-eabi/12.2.0/thumb/v6-m/nofp\libc.a(libc_a-mallocr.o)
                0x200004a0                __malloc_sbrk_base
 .data.__malloc_trim_threshold
                0x200004a4        0x4 c:/progra~2/armgnu~1/1213fb~1.2mp/bin/../lib/gcc/arm-none-eabi/12.2.0/thumb/v6-m/nofp\libc.a(libc_a-mallocr.o)
                0x200004a4                __malloc_trim_threshold
 .data.__malloc_av_
                0x200004a8      0x408 c:/progra~2/armgnu~1/1213fb~1.2mp/bin/../lib/gcc/arm-none-eabi/12.2.0/thumb/v6-m/nofp\libc.a(libc_a-mallocr.o)
                0x200004a8                __malloc_av_
 .data._impure_ptr
                0x200008b0        0x4 c:/progra~2/armgnu~1/1213fb~1.2mp/bin/../lib/gcc/arm-none-eabi/12.2.0/thumb/v6-m/nofp\libc.a(libc_a-impure.o)
                0x200008b0                _impure_ptr
 *fill*         0x200008b4        0x4 
 .data._impure_data
                0x200008b8      0x120 c:/progra~2/armgnu~1/1213fb~1.2mp/bin/../lib/gcc/arm-none-eabi/12.2.0/thumb/v6-m/nofp\libc.a(libc_a-impure.o)
                0x200008b8                _impure_data
 .data.__sglue  0x200009d8        0xc c:/progra~2/armgnu~1/1213fb~1.2mp/bin/../lib/gcc/arm-none-eabi/12.2.0/thumb/v6-m/nofp\libc.a(libc_a-findfp.o)
                0x200009d8                __sglue
 .data.__global_locale
                0x200009e4      0x16c c:/progra~2/armgnu~1/1213fb~1.2mp/bin/../lib/gcc/arm-none-eabi/12.2.0/thumb/v6-m/nofp\libc.a(libc_a-locale.o)
                0x200009e4                __global_locale
                0x20000b50                        . = ALIGN (0x4)
 *(.after_data.*)
                0x20000b50                        . = ALIGN (0x4)
                0x20000b50                        PROVIDE (__mutex_array_start = .)
 *(SORT_BY_NAME(.mutex_array.*))
 *(.mutex_array)
 .mutex_array   0x20000b50        0x8 CMakeFiles/flashlight.dir/C_/Users/PP_ju/pico-sdk/src/rp2_common/pico_stdio/stdio.c.obj
                0x20000b58                        PROVIDE (__mutex_array_end = .)
                0x20000b58                        . = ALIGN (0x4)
                0x20000b58                        PROVIDE (__preinit_array_start = .)
 *(SORT_BY_NAME(.preinit_array.*))
 .preinit_array.00001
                0x20000b58        0x4 CMakeFiles/flashlight.dir/C_/Users/PP_ju/pico-sdk/src/rp2_common/pico_mem_ops/mem_ops_aeabi.S.obj
 .preinit_array.00010
                0x20000b5c        0x4 CMakeFiles/flashlight.dir/C_/Users/PP_ju/pico-sdk/src/rp2_common/pico_bit_ops/bit_ops_aeabi.S.obj
 .preinit_array.00020
                0x20000b60        0x4 CMakeFiles/flashlight.dir/C_/Users/PP_ju/pico-sdk/src/rp2_common/pico_double/double_aeabi.S.obj
 .preinit_array.00020
                0x20000b64        0x4 CMakeFiles/flashlight.dir/C_/Users/PP_ju/pico-sdk/src/rp2_common/pico_float/float_aeabi.S.obj
 *(.preinit_array)
                0x20000b68                        PROVIDE (__preinit_array_end = .)
                0x20000b68                        . = ALIGN (0x4)
                0x20000b68                        PROVIDE (__init_array_start = .)
 *(SORT_BY_NAME(.init_array.*))
 *(.init_array)
 .init_array    0x20000b68        0x4 c:/progra~2/armgnu~1/1213fb~1.2mp/bin/../lib/gcc/arm-none-eabi/12.2.0/thumb/v6-m/nofp/crtbegin.o
 .init_array    0x20000b6c        0x4 CMakeFiles/flashlight.dir/C_/Users/PP_ju/pico-sdk/src/rp2_common/pico_unique_id/unique_id.c.obj
                0x20000b70                        PROVIDE (__init_array_end = .)
                0x20000b70                        . = ALIGN (0x4)
                [!provide]                        PROVIDE (__fini_array_start = .)
 *(SORT_BY_NAME(.fini_array.*))
 *(.fini_array)
                [!provide]                        PROVIDE (__fini_array_end = .)
 *(.jcr)
                0x20000b70                        . = ALIGN (0x4)
                0x20000b70                        __data_end__ = .

.tm_clone_table
                0x20000b70        0x0 load address 0x10015b00
 .tm_clone_table
                0x20000b70        0x0 c:/progra~2/armgnu~1/1213fb~1.2mp/bin/../lib/gcc/arm-none-eabi/12.2.0/thumb/v6-m/nofp/crtbegin.o
 .tm_clone_table
                0x20000b70        0x0 c:/progra~2/armgnu~1/1213fb~1.2mp/bin/../lib/gcc/arm-none-eabi/12.2.0/thumb/v6-m/nofp/crtend.o

.igot.plt       0x20000b70        0x0 load address 0x10015b00